
Optional file libmchp_peripheral.a not found

Optional file libmchp_peripheral_32MX795F512L.a not found
Archive member included because of file (symbol)

c:/program files (x86)/microchip/xc32/v1.43/bin/bin/../../lib/gcc/pic32mx/4.8.3\libgcc.a(_udivdi3.o)
                              build/pic32mx795F512L_EPC/production/_ext/1264926591/sys_tmr.o (__udivdi3)
c:/program files (x86)/microchip/xc32/v1.43/bin/bin/../../lib/gcc/pic32mx/4.8.3/../../../../pic32mx/lib\libpic32.a(memcpy.o)
                              build/pic32mx795F512L_EPC/production/_ext/1360937237/app.o (memcpy)
c:/program files (x86)/microchip/xc32/v1.43/bin/bin/../../lib/gcc/pic32mx/4.8.3/../../../../pic32mx/lib\libpic32.a(memset.o)
                              build/pic32mx795F512L_EPC/production/_ext/185269848/drv_tmr.o (memset)
c:/program files (x86)/microchip/xc32/v1.43/bin/bin/../../lib/gcc/pic32mx/4.8.3/../../../../pic32mx/lib\libpic32.a(default-bootstrap-exception-handler.o)
                              c:/program files (x86)/microchip/xc32/v1.43/bin/bin/../../lib/gcc/pic32mx/4.8.3/../../../../pic32mx/lib/./proc/32MX795F512L/crt0_mips32r2.o (_bootstrap_exception_handler)
c:/program files (x86)/microchip/xc32/v1.43/bin/bin/../../lib/gcc/pic32mx/4.8.3/../../../../pic32mx/lib\libpic32.a(default-on-reset.o)
                              c:/program files (x86)/microchip/xc32/v1.43/bin/bin/../../lib/gcc/pic32mx/4.8.3/../../../../pic32mx/lib/./proc/32MX795F512L/crt0_mips32r2.o (_on_reset)
c:/program files (x86)/microchip/xc32/v1.43/bin/bin/../../lib/gcc/pic32mx/4.8.3/../../../../pic32mx/lib\libpic32.a(default-on-bootstrap.o)
                              c:/program files (x86)/microchip/xc32/v1.43/bin/bin/../../lib/gcc/pic32mx/4.8.3/../../../../pic32mx/lib/./proc/32MX795F512L/crt0_mips32r2.o (_on_bootstrap)
c:/program files (x86)/microchip/xc32/v1.43/bin/bin/../../lib/gcc/pic32mx/4.8.3/../../../../pic32mx/lib\libpic32.a(default-nmi-handler.o)
                              c:/program files (x86)/microchip/xc32/v1.43/bin/bin/../../lib/gcc/pic32mx/4.8.3/../../../../pic32mx/lib/./proc/32MX795F512L/crt0_mips32r2.o (_nmi_handler)
c:/program files (x86)/microchip/xc32/v1.43/bin/bin/../../lib/gcc/pic32mx/4.8.3/../../../../pic32mx/lib\libpic32.a(general-exception.o)
                              c:/program files (x86)/microchip/xc32/v1.43/bin/bin/../../lib/gcc/pic32mx/4.8.3/../../../../pic32mx/lib/./proc/32MX795F512L/crt0_mips32r2.o (_general_exception_context)
c:/program files (x86)/microchip/xc32/v1.43/bin/bin/../../lib/gcc/pic32mx/4.8.3/../../../../pic32mx/lib\libpic32.a(vector0.o)
                              c:/program files (x86)/microchip/xc32/v1.43/bin/bin/../../lib/gcc/pic32mx/4.8.3/../../../../pic32mx/lib/./proc/32MX795F512L\default_isr_vectors.o (__vector_dispatch_0)
c:/program files (x86)/microchip/xc32/v1.43/bin/bin/../../lib/gcc/pic32mx/4.8.3/../../../../pic32mx/lib\libpic32.a(vector1.o)
                              c:/program files (x86)/microchip/xc32/v1.43/bin/bin/../../lib/gcc/pic32mx/4.8.3/../../../../pic32mx/lib/./proc/32MX795F512L\default_isr_vectors.o (__vector_dispatch_1)
c:/program files (x86)/microchip/xc32/v1.43/bin/bin/../../lib/gcc/pic32mx/4.8.3/../../../../pic32mx/lib\libpic32.a(vector2.o)
                              c:/program files (x86)/microchip/xc32/v1.43/bin/bin/../../lib/gcc/pic32mx/4.8.3/../../../../pic32mx/lib/./proc/32MX795F512L\default_isr_vectors.o (__vector_dispatch_2)
c:/program files (x86)/microchip/xc32/v1.43/bin/bin/../../lib/gcc/pic32mx/4.8.3/../../../../pic32mx/lib\libpic32.a(vector3.o)
                              c:/program files (x86)/microchip/xc32/v1.43/bin/bin/../../lib/gcc/pic32mx/4.8.3/../../../../pic32mx/lib/./proc/32MX795F512L\default_isr_vectors.o (__vector_dispatch_3)
c:/program files (x86)/microchip/xc32/v1.43/bin/bin/../../lib/gcc/pic32mx/4.8.3/../../../../pic32mx/lib\libpic32.a(vector5.o)
                              c:/program files (x86)/microchip/xc32/v1.43/bin/bin/../../lib/gcc/pic32mx/4.8.3/../../../../pic32mx/lib/./proc/32MX795F512L\default_isr_vectors.o (__vector_dispatch_5)
c:/program files (x86)/microchip/xc32/v1.43/bin/bin/../../lib/gcc/pic32mx/4.8.3/../../../../pic32mx/lib\libpic32.a(vector6.o)
                              c:/program files (x86)/microchip/xc32/v1.43/bin/bin/../../lib/gcc/pic32mx/4.8.3/../../../../pic32mx/lib/./proc/32MX795F512L\default_isr_vectors.o (__vector_dispatch_6)
c:/program files (x86)/microchip/xc32/v1.43/bin/bin/../../lib/gcc/pic32mx/4.8.3/../../../../pic32mx/lib\libpic32.a(vector7.o)
                              c:/program files (x86)/microchip/xc32/v1.43/bin/bin/../../lib/gcc/pic32mx/4.8.3/../../../../pic32mx/lib/./proc/32MX795F512L\default_isr_vectors.o (__vector_dispatch_7)
c:/program files (x86)/microchip/xc32/v1.43/bin/bin/../../lib/gcc/pic32mx/4.8.3/../../../../pic32mx/lib\libpic32.a(vector8.o)
[...]
Memory Configuration

Name             Origin             Length             Attributes
kseg0_program_mem 0x9d000000         0x00080000         xr
kseg0_boot_mem   0x9fc00490         0x00000970
exception_mem    0x9fc01000         0x00001000
kseg1_boot_mem   0xbfc00000         0x00000490
debug_exec_mem   0xbfc02000         0x00000ff0
config3          0xbfc02ff0         0x00000004
config2          0xbfc02ff4         0x00000004
config1          0xbfc02ff8         0x00000004
config0          0xbfc02ffc         0x00000004
kseg1_data_mem   0xa0000000         0x00020000         w !x
sfrs             0xbf800000         0x00100000
configsfrs       0xbfc02ff0         0x00000010
*default*        0x00000000         0xffffffff

Linker script and memory map

LOAD c:/program files (x86)/microchip/xc32/v1.43/bin/bin/../../lib/gcc/pic32mx/4.8.3/../../../../pic32mx/lib/./proc/32MX795F512L/crt0_mips32r2.o
LOAD c:/program files (x86)/microchip/xc32/v1.43/bin/bin/../../lib/gcc/pic32mx/4.8.3/../../../../pic32mx/lib\debug-exception-return.o
LOAD build/pic32mx795F512L_EPC/production/_ext/1915159432/sys_clk.o
LOAD build/pic32mx795F512L_EPC/production/_ext/1915159432/sys_clk_pic32mx.o
LOAD build/pic32mx795F512L_EPC/production/_ext/178637185/sys_devcon.o
LOAD build/pic32mx795F512L_EPC/production/_ext/178637185/sys_devcon_pic32mx.o
LOAD build/pic32mx795F512L_EPC/production/_ext/580173608/sys_ports_static.o
LOAD build/pic32mx795F512L_EPC/production/_ext/1111113889/system_init.o
LOAD build/pic32mx795F512L_EPC/production/_ext/1111113889/system_interrupt.o
LOAD build/pic32mx795F512L_EPC/production/_ext/1111113889/system_exceptions.o
LOAD build/pic32mx795F512L_EPC/production/_ext/1111113889/system_tasks.o
LOAD build/pic32mx795F512L_EPC/production/_ext/1360937237/app.o
LOAD build/pic32mx795F512L_EPC/production/_ext/1360937237/main.o
LOAD build/pic32mx795F512L_EPC/production/_ext/185269848/drv_tmr.o
LOAD build/pic32mx795F512L_EPC/production/_ext/764219029/drv_usbfs.o
LOAD build/pic32mx795F512L_EPC/production/_ext/764219029/drv_usbfs_device.o
LOAD build/pic32mx795F512L_EPC/production/_ext/122796885/sys_int_pic32.o
LOAD build/pic32mx795F512L_EPC/production/_ext/1264926591/sys_tmr.o
LOAD build/pic32mx795F512L_EPC/production/_ext/610166344/usb_device.o
LOAD build/pic32mx795F512L_EPC/production/_ext/610166344/usb_device_cdc.o
LOAD build/pic32mx795F512L_EPC/production/_ext/610166344/usb_device_cdc_acm.o
LOAD ..\..\..\..\bin\framework\peripheral\PIC32MX795F512L_peripherals.a
                0x00000001                __MPLAB_BUILD = 0x1
                0x00000000                _min_heap_size = 0x0
LOAD c:/program files (x86)/microchip/xc32/v1.43/bin/bin/../../lib/gcc/pic32mx/4.8.3/../../../../pic32mx/lib/./proc/32MX795F512L\default_isr_vectors.o
LOAD c:/program files (x86)/microchip/xc32/v1.43/bin/bin/../../lib/gcc/pic32mx/4.8.3/../../../../pic32mx/lib\pic32_software_reset.o
                0x00000400                PROVIDE (_min_stack_size, 0x400)
LOAD c:/program files (x86)/microchip/xc32/v1.43/bin/bin/../../lib/gcc/pic32mx/4.8.3/../../../../pic32mx/lib/./proc/32MX795F512L\processor.o
START GROUP
LOAD libmchp_peripheral.a
END GROUP
START GROUP
LOAD libmchp_peripheral_32MX795F512L.a
END GROUP
                0x00000001                PROVIDE (_vector_spacing, 0x1)
                0x9fc01000                PROVIDE (_ebase_address, 0x9fc01000)
                0xbfc00000                _RESET_ADDR = 0xbfc00000
                0xbfc00380                _BEV_EXCPT_ADDR = 0xbfc00380
                0xbfc00480                _DBG_EXCPT_ADDR = 0xbfc00480
                0xbfc02000                _DBG_CODE_ADDR = 0xbfc02000
                0x00000ff0                _DBG_CODE_SIZE = 0xff0
                0x9fc01180                _GEN_EXCPT_ADDR = (_ebase_address + 0x180)

.config_BFC02FF0
                0xbfc02ff0        0x4
 *(.config_BFC02FF0)
 .config_BFC02FF0
                0xbfc02ff0        0x4 build/pic32mx795F512L_EPC/production/_ext/1111113889/system_init.o

.config_BFC02FF4
                0xbfc02ff4        0x4
 *(.config_BFC02FF4)
 .config_BFC02FF4
                0xbfc02ff4        0x4 build/pic32mx795F512L_EPC/production/_ext/1111113889/system_init.o

.config_BFC02FF8
                0xbfc02ff8        0x4
 *(.config_BFC02FF8)
 .config_BFC02FF8
                0xbfc02ff8        0x4 build/pic32mx795F512L_EPC/production/_ext/1111113889/system_init.o

.config_BFC02FFC
                0xbfc02ffc        0x4
 *(.config_BFC02FFC)
 .config_BFC02FFC
                0xbfc02ffc        0x4 build/pic32mx795F512L_EPC/production/_ext/1111113889/system_init.o
                0xbfc02000                PROVIDE (_DBG_CODE_ADDR, 0xbfc02000)
                0x00000ff0                PROVIDE (_DBG_CODE_SIZE, 0xff0)

.reset          0xbfc00000      0x208
 *(.reset)
 .reset         0xbfc00000        0x8 c:/program files (x86)/microchip/xc32/v1.43/bin/bin/../../lib/gcc/pic32mx/4.8.3/../../../../pic32mx/lib/./proc/32MX795F512L/crt0_mips32r2.o
                0xbfc00000                _reset
 *(.reset.startup)
 .reset.startup
                0xbfc00008      0x200 c:/program files (x86)/microchip/xc32/v1.43/bin/bin/../../lib/gcc/pic32mx/4.8.3/../../../../pic32mx/lib/./proc/32MX795F512L/crt0_mips32r2.o
                0xbfc00008                _startup

.bev_excpt      0xbfc00380       0x10
 *(.bev_handler)
 .bev_handler   0xbfc00380       0x10 c:/program files (x86)/microchip/xc32/v1.43/bin/bin/../../lib/gcc/pic32mx/4.8.3/../../../../pic32mx/lib/./proc/32MX795F512L/crt0_mips32r2.o

.dbg_excpt      0xbfc00480        0x0
                0xbfc00480                . = (. + DEFINED (_DEBUGGER)?0x8:0x0)

.dbg_code       0xbfc02000        0x0
                0xbfc02000                . = (. + DEFINED (_DEBUGGER)?_DBG_CODE_SIZE:0x0)

.app_excpt      0x9fc01180       0x10
 *(.gen_handler)
 .gen_handler   0x9fc01180       0x10 c:/program files (x86)/microchip/xc32/v1.43/bin/bin/../../lib/gcc/pic32mx/4.8.3/../../../../pic32mx/lib/./proc/32MX795F512L/crt0_mips32r2.o

.vector_0       0x9fc01200        0x8
 *(.vector_0)
 .vector_0      0x9fc01200        0x8 c:/program files (x86)/microchip/xc32/v1.43/bin/bin/../../lib/gcc/pic32mx/4.8.3/../../../../pic32mx/lib\libpic32.a(vector0.o)
                0x9fc01200                __vector_dispatch_0
                0x00000001                ASSERT (((_vector_spacing == 0x0) || (SIZEOF (.vector_0) <= (_vector_spacing << 0x5))), function at exception vector 0 too large)

.vector_1       0x9fc01220        0x8
 *(.vector_1)
 .vector_1      0x9fc01220        0x8 c:/program files (x86)/microchip/xc32/v1.43/bin/bin/../../lib/gcc/pic32mx/4.8.3/../../../../pic32mx/lib\libpic32.a(vector1.o)
                0x9fc01220                __vector_dispatch_1
                0x00000001                ASSERT (((_vector_spacing == 0x0) || (SIZEOF (.vector_1) <= (_vector_spacing << 0x5))), function at exception vector 1 too large)

.vector_2       0x9fc01240        0x8
 *(.vector_2)
 .vector_2      0x9fc01240        0x8 c:/program files (x86)/microchip/xc32/v1.43/bin/bin/../../lib/gcc/pic32mx/4.8.3/../../../../pic32mx/lib\libpic32.a(vector2.o)
                0x9fc01240                __vector_dispatch_2
                0x00000001                ASSERT (((_vector_spacing == 0x0) || (SIZEOF (.vector_2) <= (_vector_spacing << 0x5))), function at exception vector 2 too large)

.vector_3       0x9fc01260        0x8
 *(.vector_3)
 .vector_3      0x9fc01260        0x8 c:/program files (x86)/microchip/xc32/v1.43/bin/bin/../../lib/gcc/pic32mx/4.8.3/../../../../pic32mx/lib\libpic32.a(vector3.o)
                0x9fc01260                __vector_dispatch_3
                0x00000001                ASSERT (((_vector_spacing == 0x0) || (SIZEOF (.vector_3) <= (_vector_spacing << 0x5))), function at exception vector 3 too large)

.vector_4       0x9fc01280        0x8
 *(.vector_4)
 .vector_4      0x9fc01280        0x8 build/pic32mx795F512L_EPC/production/_ext/1111113889/system_interrupt.o
                0x9fc01280                __vector_dispatch_4
                0x00000001                ASSERT (((_vector_spacing == 0x0) || (SIZEOF (.vector_4) <= (_vector_spacing << 0x5))), function at exception vector 4 too large)

.vector_5       0x9fc012a0        0x8
 *(.vector_5)
 .vector_5      0x9fc012a0        0x8 c:/program files (x86)/microchip/xc32/v1.43/bin/bin/../../lib/gcc/pic32mx/4.8.3/../../../../pic32mx/lib\libpic32.a(vector5.o)
                0x9fc012a0                __vector_dispatch_5
                0x00000001                ASSERT (((_vector_spacing == 0x0) || (SIZEOF (.vector_5) <= (_vector_spacing << 0x5))), function at exception vector 5 too large)

.vector_6       0x9fc012c0        0x8
 *(.vector_6)
 .vector_6      0x9fc012c0        0x8 c:/program files (x86)/microchip/xc32/v1.43/bin/bin/../../lib/gcc/pic32mx/4.8.3/../../../../pic32mx/lib\libpic32.a(vector6.o)
                0x9fc012c0                __vector_dispatch_6
                0x00000001                ASSERT (((_vector_spacing == 0x0) || (SIZEOF (.vector_6) <= (_vector_spacing << 0x5))), function at exception vector 6 too large)

.vector_7       0x9fc012e0        0x8
 *(.vector_7)
 .vector_7      0x9fc012e0        0x8 c:/program files (x86)/microchip/xc32/v1.43/bin/bin/../../lib/gcc/pic32mx/4.8.3/../../../../pic32mx/lib\libpic32.a(vector7.o)
                0x9fc012e0                __vector_dispatch_7
                0x00000001                ASSERT (((_vector_spacing == 0x0) || (SIZEOF (.vector_7) <= (_vector_spacing << 0x5))), function at exception vector 7 too large)

.vector_8       0x9fc01300        0x8
 *(.vector_8)
 .vector_8      0x9fc01300        0x8 c:/program files (x86)/microchip/xc32/v1.43/bin/bin/../../lib/gcc/pic32mx/4.8.3/../../../../pic32mx/lib\libpic32.a(vector8.o)
                0x9fc01300                __vector_dispatch_8
                0x00000001                ASSERT (((_vector_spacing == 0x0) || (SIZEOF (.vector_8) <= (_vector_spacing << 0x5))), function at exception vector 8 too large)

.vector_9       0x9fc01320        0x8
 *(.vector_9)
 .vector_9      0x9fc01320        0x8 c:/program files (x86)/microchip/xc32/v1.43/bin/bin/../../lib/gcc/pic32mx/4.8.3/../../../../pic32mx/lib\libpic32.a(vector9.o)
                0x9fc01320                __vector_dispatch_9
                0x00000001                ASSERT (((_vector_spacing == 0x0) || (SIZEOF (.vector_9) <= (_vector_spacing << 0x5))), function at exception vector 9 too large)

.vector_10      0x9fc01340        0x8
 *(.vector_10)
 .vector_10     0x9fc01340        0x8 c:/program files (x86)/microchip/xc32/v1.43/bin/bin/../../lib/gcc/pic32mx/4.8.3/../../../../pic32mx/lib\libpic32.a(vector10.o)
                0x9fc01340                __vector_dispatch_10
                0x00000001                ASSERT (((_vector_spacing == 0x0) || (SIZEOF (.vector_10) <= (_vector_spacing << 0x5))), function at exception vector 10 too large)

.vector_11      0x9fc01360        0x8
 *(.vector_11)
 .vector_11     0x9fc01360        0x8 c:/program files (x86)/microchip/xc32/v1.43/bin/bin/../../lib/gcc/pic32mx/4.8.3/../../../../pic32mx/lib\libpic32.a(vector11.o)
                0x9fc01360                __vector_dispatch_11
                0x00000001                ASSERT (((_vector_spacing == 0x0) || (SIZEOF (.vector_11) <= (_vector_spacing << 0x5))), function at exception vector 11 too large)

.vector_12      0x9fc01380        0x8
 *(.vector_12)
 .vector_12     0x9fc01380        0x8 c:/program files (x86)/microchip/xc32/v1.43/bin/bin/../../lib/gcc/pic32mx/4.8.3/../../../../pic32mx/lib\libpic32.a(vector12.o)
                0x9fc01380                __vector_dispatch_12
                0x00000001                ASSERT (((_vector_spacing == 0x0) || (SIZEOF (.vector_12) <= (_vector_spacing << 0x5))), function at exception vector 12 too large)

.vector_13      0x9fc013a0        0x8
 *(.vector_13)
 .vector_13     0x9fc013a0        0x8 c:/program files (x86)/microchip/xc32/v1.43/bin/bin/../../lib/gcc/pic32mx/4.8.3/../../../../pic32mx/lib\libpic32.a(vector13.o)
                0x9fc013a0                __vector_dispatch_13
                0x00000001                ASSERT (((_vector_spacing == 0x0) || (SIZEOF (.vector_13) <= (_vector_spacing << 0x5))), function at exception vector 13 too large)

.vector_14      0x9fc013c0        0x8
 *(.vector_14)
 .vector_14     0x9fc013c0        0x8 c:/program files (x86)/microchip/xc32/v1.43/bin/bin/../../lib/gcc/pic32mx/4.8.3/../../../../pic32mx/lib\libpic32.a(vector14.o)
                0x9fc013c0                __vector_dispatch_14
                0x00000001                ASSERT (((_vector_spacing == 0x0) || (SIZEOF (.vector_14) <= (_vector_spacing << 0x5))), function at exception vector 14 too large)

.vector_15      0x9fc013e0        0x8
 *(.vector_15)
 .vector_15     0x9fc013e0        0x8 c:/program files (x86)/microchip/xc32/v1.43/bin/bin/../../lib/gcc/pic32mx/4.8.3/../../../../pic32mx/lib\libpic32.a(vector15.o)
                0x9fc013e0                __vector_dispatch_15
                0x00000001                ASSERT (((_vector_spacing == 0x0) || (SIZEOF (.vector_15) <= (_vector_spacing << 0x5))), function at exception vector 15 too large)

.vector_16      0x9fc01400        0x8
 *(.vector_16)
 .vector_16     0x9fc01400        0x8 c:/program files (x86)/microchip/xc32/v1.43/bin/bin/../../lib/gcc/pic32mx/4.8.3/../../../../pic32mx/lib\libpic32.a(vector16.o)
                0x9fc01400                __vector_dispatch_16
                0x00000001                ASSERT (((_vector_spacing == 0x0) || (SIZEOF (.vector_16) <= (_vector_spacing << 0x5))), function at exception vector 16 too large)

.vector_17      0x9fc01420        0x8
 *(.vector_17)
 .vector_17     0x9fc01420        0x8 c:/program files (x86)/microchip/xc32/v1.43/bin/bin/../../lib/gcc/pic32mx/4.8.3/../../../../pic32mx/lib\libpic32.a(vector17.o)
                0x9fc01420                __vector_dispatch_17
                0x00000001                ASSERT (((_vector_spacing == 0x0) || (SIZEOF (.vector_17) <= (_vector_spacing << 0x5))), function at exception vector 17 too large)

.vector_18      0x9fc01440        0x8
 *(.vector_18)
 .vector_18     0x9fc01440        0x8 c:/program files (x86)/microchip/xc32/v1.43/bin/bin/../../lib/gcc/pic32mx/4.8.3/../../../../pic32mx/lib\libpic32.a(vector18.o)
                0x9fc01440                __vector_dispatch_18
                0x00000001                ASSERT (((_vector_spacing == 0x0) || (SIZEOF (.vector_18) <= (_vector_spacing << 0x5))), function at exception vector 18 too large)

.vector_19      0x9fc01460        0x8
 *(.vector_19)
 .vector_19     0x9fc01460        0x8 c:/program files (x86)/microchip/xc32/v1.43/bin/bin/../../lib/gcc/pic32mx/4.8.3/../../../../pic32mx/lib\libpic32.a(vector19.o)
                0x9fc01460                __vector_dispatch_19
                0x00000001                ASSERT (((_vector_spacing == 0x0) || (SIZEOF (.vector_19) <= (_vector_spacing << 0x5))), function at exception vector 19 too large)

.vector_20      0x9fc01480        0x8
 *(.vector_20)
 .vector_20     0x9fc01480        0x8 c:/program files (x86)/microchip/xc32/v1.43/bin/bin/../../lib/gcc/pic32mx/4.8.3/../../../../pic32mx/lib\libpic32.a(vector20.o)
                0x9fc01480                __vector_dispatch_20
                0x00000001                ASSERT (((_vector_spacing == 0x0) || (SIZEOF (.vector_20) <= (_vector_spacing << 0x5))), function at exception vector 20 too large)

.vector_21      0x9fc014a0        0x8
 *(.vector_21)
 .vector_21     0x9fc014a0        0x8 c:/program files (x86)/microchip/xc32/v1.43/bin/bin/../../lib/gcc/pic32mx/4.8.3/../../../../pic32mx/lib\libpic32.a(vector21.o)
                0x9fc014a0                __vector_dispatch_21
                0x00000001                ASSERT (((_vector_spacing == 0x0) || (SIZEOF (.vector_21) <= (_vector_spacing << 0x5))), function at exception vector 21 too large)

.vector_22      0x9fc014c0        0x8
 *(.vector_22)
 .vector_22     0x9fc014c0        0x8 c:/program files (x86)/microchip/xc32/v1.43/bin/bin/../../lib/gcc/pic32mx/4.8.3/../../../../pic32mx/lib\libpic32.a(vector22.o)
                0x9fc014c0                __vector_dispatch_22
                0x00000001                ASSERT (((_vector_spacing == 0x0) || (SIZEOF (.vector_22) <= (_vector_spacing << 0x5))), function at exception vector 22 too large)

.vector_23      0x9fc014e0        0x8
 *(.vector_23)
 .vector_23     0x9fc014e0        0x8 c:/program files (x86)/microchip/xc32/v1.43/bin/bin/../../lib/gcc/pic32mx/4.8.3/../../../../pic32mx/lib\libpic32.a(vector23.o)
                0x9fc014e0                __vector_dispatch_23
                0x00000001                ASSERT (((_vector_spacing == 0x0) || (SIZEOF (.vector_23) <= (_vector_spacing << 0x5))), function at exception vector 23 too large)

.vector_24      0x9fc01500        0x8
 *(.vector_24)
 .vector_24     0x9fc01500        0x8 c:/program files (x86)/microchip/xc32/v1.43/bin/bin/../../lib/gcc/pic32mx/4.8.3/../../../../pic32mx/lib\libpic32.a(vector24.o)
                0x9fc01500                __vector_dispatch_24
                0x00000001                ASSERT (((_vector_spacing == 0x0) || (SIZEOF (.vector_24) <= (_vector_spacing << 0x5))), function at exception vector 24 too large)

.vector_25      0x9fc01520        0x8
 *(.vector_25)
 .vector_25     0x9fc01520        0x8 c:/program files (x86)/microchip/xc32/v1.43/bin/bin/../../lib/gcc/pic32mx/4.8.3/../../../../pic32mx/lib\libpic32.a(vector25.o)
                0x9fc01520                __vector_dispatch_25
                0x00000001                ASSERT (((_vector_spacing == 0x0) || (SIZEOF (.vector_25) <= (_vector_spacing << 0x5))), function at exception vector 25 too large)

.vector_26      0x9fc01540        0x8
 *(.vector_26)
 .vector_26     0x9fc01540        0x8 c:/program files (x86)/microchip/xc32/v1.43/bin/bin/../../lib/gcc/pic32mx/4.8.3/../../../../pic32mx/lib\libpic32.a(vector26.o)
                0x9fc01540                __vector_dispatch_26
                0x00000001                ASSERT (((_vector_spacing == 0x0) || (SIZEOF (.vector_26) <= (_vector_spacing << 0x5))), function at exception vector 26 too large)

.vector_27      0x9fc01560        0x8
 *(.vector_27)
 .vector_27     0x9fc01560        0x8 c:/program files (x86)/microchip/xc32/v1.43/bin/bin/../../lib/gcc/pic32mx/4.8.3/../../../../pic32mx/lib\libpic32.a(vector27.o)
                0x9fc01560                __vector_dispatch_27
                0x00000001                ASSERT (((_vector_spacing == 0x0) || (SIZEOF (.vector_27) <= (_vector_spacing << 0x5))), function at exception vector 27 too large)

.vector_28      0x9fc01580        0x8
 *(.vector_28)
 .vector_28     0x9fc01580        0x8 c:/program files (x86)/microchip/xc32/v1.43/bin/bin/../../lib/gcc/pic32mx/4.8.3/../../../../pic32mx/lib\libpic32.a(vector28.o)
                0x9fc01580                __vector_dispatch_28
                0x00000001                ASSERT (((_vector_spacing == 0x0) || (SIZEOF (.vector_28) <= (_vector_spacing << 0x5))), function at exception vector 28 too large)

.vector_29      0x9fc015a0        0x8
 *(.vector_29)
 .vector_29     0x9fc015a0        0x8 c:/program files (x86)/microchip/xc32/v1.43/bin/bin/../../lib/gcc/pic32mx/4.8.3/../../../../pic32mx/lib\libpic32.a(vector29.o)
                0x9fc015a0                __vector_dispatch_29
                0x00000001                ASSERT (((_vector_spacing == 0x0) || (SIZEOF (.vector_29) <= (_vector_spacing << 0x5))), function at exception vector 29 too large)

.vector_30      0x9fc015c0        0x8
 *(.vector_30)
 .vector_30     0x9fc015c0        0x8 c:/program files (x86)/microchip/xc32/v1.43/bin/bin/../../lib/gcc/pic32mx/4.8.3/../../../../pic32mx/lib\libpic32.a(vector30.o)
                0x9fc015c0                __vector_dispatch_30
                0x00000001                ASSERT (((_vector_spacing == 0x0) || (SIZEOF (.vector_30) <= (_vector_spacing << 0x5))), function at exception vector 30 too large)

.vector_31      0x9fc015e0        0x8
 *(.vector_31)
 .vector_31     0x9fc015e0        0x8 c:/program files (x86)/microchip/xc32/v1.43/bin/bin/../../lib/gcc/pic32mx/4.8.3/../../../../pic32mx/lib\libpic32.a(vector31.o)
                0x9fc015e0                __vector_dispatch_31
                0x00000001                ASSERT (((_vector_spacing == 0x0) || (SIZEOF (.vector_31) <= (_vector_spacing << 0x5))), function at exception vector 31 too large)

.vector_32      0x9fc01600        0x8
 *(.vector_32)
 .vector_32     0x9fc01600        0x8 c:/program files (x86)/microchip/xc32/v1.43/bin/bin/../../lib/gcc/pic32mx/4.8.3/../../../../pic32mx/lib\libpic32.a(vector32.o)
                0x9fc01600                __vector_dispatch_32
                0x00000001                ASSERT (((_vector_spacing == 0x0) || (SIZEOF (.vector_32) <= (_vector_spacing << 0x5))), function at exception vector 32 too large)

.vector_33      0x9fc01620        0x8
 *(.vector_33)
 .vector_33     0x9fc01620        0x8 c:/program files (x86)/microchip/xc32/v1.43/bin/bin/../../lib/gcc/pic32mx/4.8.3/../../../../pic32mx/lib\libpic32.a(vector33.o)
                0x9fc01620                __vector_dispatch_33
                0x00000001                ASSERT (((_vector_spacing == 0x0) || (SIZEOF (.vector_33) <= (_vector_spacing << 0x5))), function at exception vector 33 too large)

.vector_34      0x9fc01640        0x8
 *(.vector_34)
 .vector_34     0x9fc01640        0x8 c:/program files (x86)/microchip/xc32/v1.43/bin/bin/../../lib/gcc/pic32mx/4.8.3/../../../../pic32mx/lib\libpic32.a(vector34.o)
                0x9fc01640                __vector_dispatch_34
                0x00000001                ASSERT (((_vector_spacing == 0x0) || (SIZEOF (.vector_34) <= (_vector_spacing << 0x5))), function at exception vector 34 too large)

.vector_35      0x9fc01660        0x8
 *(.vector_35)
 .vector_35     0x9fc01660        0x8 c:/program files (x86)/microchip/xc32/v1.43/bin/bin/../../lib/gcc/pic32mx/4.8.3/../../../../pic32mx/lib\libpic32.a(vector35.o)
                0x9fc01660                __vector_dispatch_35
                0x00000001                ASSERT (((_vector_spacing == 0x0) || (SIZEOF (.vector_35) <= (_vector_spacing << 0x5))), function at exception vector 35 too large)

.vector_36      0x9fc01680        0x8
 *(.vector_36)
 .vector_36     0x9fc01680        0x8 c:/program files (x86)/microchip/xc32/v1.43/bin/bin/../../lib/gcc/pic32mx/4.8.3/../../../../pic32mx/lib\libpic32.a(vector36.o)
                0x9fc01680                __vector_dispatch_36
                0x00000001                ASSERT (((_vector_spacing == 0x0) || (SIZEOF (.vector_36) <= (_vector_spacing << 0x5))), function at exception vector 36 too large)

.vector_37      0x9fc016a0        0x8
 *(.vector_37)
 .vector_37     0x9fc016a0        0x8 c:/program files (x86)/microchip/xc32/v1.43/bin/bin/../../lib/gcc/pic32mx/4.8.3/../../../../pic32mx/lib\libpic32.a(vector37.o)
                0x9fc016a0                __vector_dispatch_37
                0x00000001                ASSERT (((_vector_spacing == 0x0) || (SIZEOF (.vector_37) <= (_vector_spacing << 0x5))), function at exception vector 37 too large)

.vector_38      0x9fc016c0        0x8
 *(.vector_38)
 .vector_38     0x9fc016c0        0x8 c:/program files (x86)/microchip/xc32/v1.43/bin/bin/../../lib/gcc/pic32mx/4.8.3/../../../../pic32mx/lib\libpic32.a(vector38.o)
                0x9fc016c0                __vector_dispatch_38
                0x00000001                ASSERT (((_vector_spacing == 0x0) || (SIZEOF (.vector_38) <= (_vector_spacing << 0x5))), function at exception vector 38 too large)

.vector_39      0x9fc016e0        0x8
 *(.vector_39)
 .vector_39     0x9fc016e0        0x8 c:/program files (x86)/microchip/xc32/v1.43/bin/bin/../../lib/gcc/pic32mx/4.8.3/../../../../pic32mx/lib\libpic32.a(vector39.o)
                0x9fc016e0                __vector_dispatch_39
                0x00000001                ASSERT (((_vector_spacing == 0x0) || (SIZEOF (.vector_39) <= (_vector_spacing << 0x5))), function at exception vector 39 too large)

.vector_40      0x9fc01700        0x8
 *(.vector_40)
 .vector_40     0x9fc01700        0x8 c:/program files (x86)/microchip/xc32/v1.43/bin/bin/../../lib/gcc/pic32mx/4.8.3/../../../../pic32mx/lib\libpic32.a(vector40.o)
                0x9fc01700                __vector_dispatch_40
                0x00000001                ASSERT (((_vector_spacing == 0x0) || (SIZEOF (.vector_40) <= (_vector_spacing << 0x5))), function at exception vector 40 too large)

.vector_41      0x9fc01720        0x8
 *(.vector_41)
 .vector_41     0x9fc01720        0x8 c:/program files (x86)/microchip/xc32/v1.43/bin/bin/../../lib/gcc/pic32mx/4.8.3/../../../../pic32mx/lib\libpic32.a(vector41.o)
                0x9fc01720                __vector_dispatch_41
                0x00000001                ASSERT (((_vector_spacing == 0x0) || (SIZEOF (.vector_41) <= (_vector_spacing << 0x5))), function at exception vector 41 too large)

.vector_42      0x9fc01740        0x8
 *(.vector_42)
 .vector_42     0x9fc01740        0x8 c:/program files (x86)/microchip/xc32/v1.43/bin/bin/../../lib/gcc/pic32mx/4.8.3/../../../../pic32mx/lib\libpic32.a(vector42.o)
                0x9fc01740                __vector_dispatch_42
                0x00000001                ASSERT (((_vector_spacing == 0x0) || (SIZEOF (.vector_42) <= (_vector_spacing << 0x5))), function at exception vector 42 too large)

.vector_43      0x9fc01760        0x8
 *(.vector_43)
 .vector_43     0x9fc01760        0x8 c:/program files (x86)/microchip/xc32/v1.43/bin/bin/../../lib/gcc/pic32mx/4.8.3/../../../../pic32mx/lib\libpic32.a(vector43.o)
                0x9fc01760                __vector_dispatch_43
                0x00000001                ASSERT (((_vector_spacing == 0x0) || (SIZEOF (.vector_43) <= (_vector_spacing << 0x5))), function at exception vector 43 too large)

.vector_44      0x9fc01780        0x8
 *(.vector_44)
 .vector_44     0x9fc01780        0x8 c:/program files (x86)/microchip/xc32/v1.43/bin/bin/../../lib/gcc/pic32mx/4.8.3/../../../../pic32mx/lib\libpic32.a(vector44.o)
                0x9fc01780                __vector_dispatch_44
                0x00000001                ASSERT (((_vector_spacing == 0x0) || (SIZEOF (.vector_44) <= (_vector_spacing << 0x5))), function at exception vector 44 too large)

.vector_45      0x9fc017a0        0x8
 *(.vector_45)
 .vector_45     0x9fc017a0        0x8 build/pic32mx795F512L_EPC/production/_ext/1111113889/system_interrupt.o
                0x9fc017a0                __vector_dispatch_45
                0x00000001                ASSERT (((_vector_spacing == 0x0) || (SIZEOF (.vector_45) <= (_vector_spacing << 0x5))), function at exception vector 45 too large)

.vector_46      0x9fc017c0        0x8
 *(.vector_46)
 .vector_46     0x9fc017c0        0x8 c:/program files (x86)/microchip/xc32/v1.43/bin/bin/../../lib/gcc/pic32mx/4.8.3/../../../../pic32mx/lib\libpic32.a(vector46.o)
                0x9fc017c0                __vector_dispatch_46
                0x00000001                ASSERT (((_vector_spacing == 0x0) || (SIZEOF (.vector_46) <= (_vector_spacing << 0x5))), function at exception vector 46 too large)

.vector_47      0x9fc017e0        0x8
 *(.vector_47)
 .vector_47     0x9fc017e0        0x8 c:/program files (x86)/microchip/xc32/v1.43/bin/bin/../../lib/gcc/pic32mx/4.8.3/../../../../pic32mx/lib\libpic32.a(vector47.o)
                0x9fc017e0                __vector_dispatch_47
                0x00000001                ASSERT (((_vector_spacing == 0x0) || (SIZEOF (.vector_47) <= (_vector_spacing << 0x5))), function at exception vector 47 too large)

.vector_48      0x9fc01800        0x8
 *(.vector_48)
 .vector_48     0x9fc01800        0x8 c:/program files (x86)/microchip/xc32/v1.43/bin/bin/../../lib/gcc/pic32mx/4.8.3/../../../../pic32mx/lib\libpic32.a(vector48.o)
                0x9fc01800                __vector_dispatch_48
                0x00000001                ASSERT (((_vector_spacing == 0x0) || (SIZEOF (.vector_48) <= (_vector_spacing << 0x5))), function at exception vector 48 too large)

.vector_49      0x9fc01820        0x8
 *(.vector_49)
 .vector_49     0x9fc01820        0x8 c:/program files (x86)/microchip/xc32/v1.43/bin/bin/../../lib/gcc/pic32mx/4.8.3/../../../../pic32mx/lib\libpic32.a(vector49.o)
                0x9fc01820                __vector_dispatch_49
                0x00000001                ASSERT (((_vector_spacing == 0x0) || (SIZEOF (.vector_49) <= (_vector_spacing << 0x5))), function at exception vector 49 too large)

.vector_50      0x9fc01840        0x8
 *(.vector_50)
 .vector_50     0x9fc01840        0x8 c:/program files (x86)/microchip/xc32/v1.43/bin/bin/../../lib/gcc/pic32mx/4.8.3/../../../../pic32mx/lib\libpic32.a(vector50.o)
                0x9fc01840                __vector_dispatch_50
                0x00000001                ASSERT (((_vector_spacing == 0x0) || (SIZEOF (.vector_50) <= (_vector_spacing << 0x5))), function at exception vector 50 too large)

.vector_51      0x9fc01860        0x8
 *(.vector_51)
 .vector_51     0x9fc01860        0x8 c:/program files (x86)/microchip/xc32/v1.43/bin/bin/../../lib/gcc/pic32mx/4.8.3/../../../../pic32mx/lib\libpic32.a(vector51.o)
                0x9fc01860                __vector_dispatch_51
                0x00000001                ASSERT (((_vector_spacing == 0x0) || (SIZEOF (.vector_51) <= (_vector_spacing << 0x5))), function at exception vector 51 too large)

.vector_52      0x9fc01880        0x0
 *(.vector_52)
                0x00000001                ASSERT (((_vector_spacing == 0x0) || (SIZEOF (.vector_52) <= (_vector_spacing << 0x5))), function at exception vector 52 too large)

.vector_53      0x9fc018a0        0x0
 *(.vector_53)
                0x00000001                ASSERT (((_vector_spacing == 0x0) || (SIZEOF (.vector_53) <= (_vector_spacing << 0x5))), function at exception vector 53 too large)

.vector_54      0x9fc018c0        0x0
 *(.vector_54)
                0x00000001                ASSERT (((_vector_spacing == 0x0) || (SIZEOF (.vector_54) <= (_vector_spacing << 0x5))), function at exception vector 54 too large)

.vector_55      0x9fc018e0        0x0
 *(.vector_55)
                0x00000001                ASSERT (((_vector_spacing == 0x0) || (SIZEOF (.vector_55) <= (_vector_spacing << 0x5))), function at exception vector 55 too large)

.vector_56      0x9fc01900        0x0
 *(.vector_56)
                0x00000001                ASSERT (((_vector_spacing == 0x0) || (SIZEOF (.vector_56) <= (_vector_spacing << 0x5))), function at exception vector 56 too large)

.vector_57      0x9fc01920        0x0
 *(.vector_57)
                0x00000001                ASSERT (((_vector_spacing == 0x0) || (SIZEOF (.vector_57) <= (_vector_spacing << 0x5))), function at exception vector 57 too large)

.vector_58      0x9fc01940        0x0
 *(.vector_58)
                0x00000001                ASSERT (((_vector_spacing == 0x0) || (SIZEOF (.vector_58) <= (_vector_spacing << 0x5))), function at exception vector 58 too large)

.vector_59      0x9fc01960        0x0
 *(.vector_59)
                0x00000001                ASSERT (((_vector_spacing == 0x0) || (SIZEOF (.vector_59) <= (_vector_spacing << 0x5))), function at exception vector 59 too large)

.vector_60      0x9fc01980        0x0
 *(.vector_60)
                0x00000001                ASSERT (((_vector_spacing == 0x0) || (SIZEOF (.vector_60) <= (_vector_spacing << 0x5))), function at exception vector 60 too large)

.vector_61      0x9fc019a0        0x0
 *(.vector_61)
                0x00000001                ASSERT (((_vector_spacing == 0x0) || (SIZEOF (.vector_61) <= (_vector_spacing << 0x5))), function at exception vector 61 too large)

.vector_62      0x9fc019c0        0x0
 *(.vector_62)
                0x00000001                ASSERT (((_vector_spacing == 0x0) || (SIZEOF (.vector_62) <= (_vector_spacing << 0x5))), function at exception vector 62 too large)

.vector_63      0x9fc019e0        0x0
 *(.vector_63)
                0x00000001                ASSERT (((_vector_spacing == 0x0) || (SIZEOF (.vector_63) <= (_vector_spacing << 0x5))), function at exception vector 63 too large)

.startup
 *(.startup)

.text           0x9d000000        0x0
 *(.stub .gnu.linkonce.t.*)
 *(.text.*personality*)
 *(.mips16.fn.*)
 *(.mips16.call.*)
 *(.gnu.warning)
                0x9d000000                . = ALIGN (0x4)

.init           0x9d000000        0x0
 *crti.o(.init)
 *crtbegin.o(.init)
 *(EXCLUDE_FILE(*crtn.o *crtend?.o *crtend.o) .init)
 *crtend.o(.init)
 *crtn.o(.init)
                0x9d000000                . = ALIGN (0x4)

.fini           0x9d000000        0x0
 *(.fini)
                0x9d000000                . = ALIGN (0x4)

.preinit_array  0x9d000000        0x0
                0x9d000000                PROVIDE (__preinit_array_start, .)
 *(.preinit_array)
                0x9d000000                PROVIDE (__preinit_array_end, .)
                0x9d000000                . = ALIGN (0x4)

.init_array     0x9d000000        0x0
                0x9d000000                PROVIDE (__init_array_start, .)
 *(SORT(.init_array.*))
 *(.init_array)
                0x9d000000                PROVIDE (__init_array_end, .)
                0x9d000000                . = ALIGN (0x4)

.fini_array     0x9d000000        0x0
                0x9d000000                PROVIDE (__fini_array_start, .)
 *(SORT(.fini_array.*))
 *(.fini_array)
                0x9d000000                PROVIDE (__fini_array_end, .)
                0x9d000000                . = ALIGN (0x4)

.ctors          0x9d000000        0x0
 *crtbegin.o(.ctors)
 *crtbegin?.o(.ctors)
 *(EXCLUDE_FILE(*crtend?.o *crtend.o) .ctors)
 *(SORT(.ctors.*))
 *(.ctors)
                0x9d000000                . = ALIGN (0x4)

.dtors          0x9d000000        0x0
 *crtbegin.o(.dtors)
 *crtbegin?.o(.dtors)
 *(EXCLUDE_FILE(*crtend?.o *crtend.o) .dtors)
 *(SORT(.dtors.*))
 *(.dtors)
                0x9d000000                . = ALIGN (0x4)

.rodata         0x9d000000        0x0
 *(.gnu.linkonce.r.*)
 *(.rodata1)
                0x9d000000                . = ALIGN (0x4)

.sdata2         0x9fc00490        0x0
 *(.sdata2 .sdata2.* .gnu.linkonce.s2.*)
                0x9fc00490                . = ALIGN (0x4)

.sbss2          0x9fc00490        0x0
 *(.sbss2 .sbss2.* .gnu.linkonce.sb2.*)
                0x9fc00490                . = ALIGN (0x4)

.eh_frame_hdr
 *(.eh_frame_hdr)
                0x9fc00490                . = ALIGN (0x4)

.eh_frame
 *(.eh_frame)
                0x9fc00490                . = ALIGN (0x4)

.gcc_except_table
 *(.gcc_except_table .gcc_except_table.*)
                0x9fc00490                . = ALIGN (0x4)

.dbg_data       0xa0000000        0x0
                0xa0000000                . = (. + DEFINED (_DEBUGGER)?0x200:0x0)

.jcr            0xa0000000        0x0
 *(.jcr)
                0xa0000000                . = ALIGN (0x4)

.eh_frame
 *(.eh_frame)
                0xa0000000                . = ALIGN (0x4)

.gcc_except_table
 *(.gcc_except_table .gcc_except_table.*)
                0xa0000000                . = ALIGN (0x4)

.persist        0xa0000000        0x0
                0xa0000000                _persist_begin = .
 *(.persist .persist.*)
 *(.pbss .pbss.*)
                0xa0000000                . = ALIGN (0x4)
                0xa0000000                _persist_end = .

.data           0xa0000000        0x0
 *(.gnu.linkonce.d.*)
 *(.data1)
                0xa0000000                . = ALIGN (0x4)
                0xa0000000                . = .
                0xa0007ff0                _gp = (ALIGN (0x10) + 0x7ff0)

.got            0xa0000000        0x0
 *(.got.plt)
 *(.got)
                0xa0000000                . = ALIGN (0x4)

.sdata          0xa0000000        0x4
                0xa0000000                _sdata_begin = .
 *(.sdata .sdata.* .gnu.linkonce.s.*)
 .sdata         0xa0000000        0x4 build/pic32mx795F512L_EPC/production/_ext/1360937237/app.o
                0xa0000000                cmd_reset
                0xa0000004                . = ALIGN (0x4)
                0xa0000004                _sdata_end = .

.lit8
 *(.lit8)

.lit4
 *(.lit4)
                0xa0000004                . = ALIGN (0x4)
                0xa0000004                _data_end = .
                0xa0000004                _bss_begin = .

.sbss           0xa0000004       0x30
                0xa0000004                _sbss_begin = .
 *(.dynsbss)
 *(.sbss .sbss.* .gnu.linkonce.sb.*)
 .sbss          0xa0000004        0xc build/pic32mx795F512L_EPC/production/_ext/1111113889/system_exceptions.o
 .sbss          0xa0000010        0x4 build/pic32mx795F512L_EPC/production/_ext/185269848/drv_tmr.o
 *(.scommon)
 .scommon       0xa0000014        0x8 build/pic32mx795F512L_EPC/production/_ext/178637185/sys_devcon.o
                0xa0000014                sysDevconObj
 .scommon       0xa000001c       0x12 build/pic32mx795F512L_EPC/production/_ext/1360937237/app.o
                0xa000001c                clearMSG
                0xa0000020                cmd
                0xa0000024                rsp
                0xa0000028                readResult
                0xa000002c                currentMSG
 *fill*         0xa000002e        0x2 
 .scommon       0xa0000030        0x2 build/pic32mx795F512L_EPC/production/_ext/610166344/usb_device_cdc.o
                0xa0000030                gUSBDeviceCdcCommonDataObj
                0xa0000032                _sbss_end = .
                0xa0000034                . = ALIGN (0x4)
 *fill*         0xa0000032        0x2 

.bss            0xa0000200      0x4c8
 *(.dynbss)
 *(COMMON)
 COMMON         0xa0000200       0x38 build/pic32mx795F512L_EPC/production/_ext/1915159432/sys_clk.o
                0xa0000200                clkObject
 *fill*         0xa0000238      0x1c8 
 COMMON         0xa0000400       0x70 build/pic32mx795F512L_EPC/production/_ext/1111113889/system_init.o
                0xa0000400                endPointTable
                0xa0000460                sysObj
 COMMON         0xa0000470       0xe4 build/pic32mx795F512L_EPC/production/_ext/1360937237/app.o
                0xa0000470                appData
                0xa00004b4                input_old
                0xa00004f0                input
                0xa000052c                output
                0xa0000540                output_old
 COMMON         0xa0000554       0xc8 build/pic32mx795F512L_EPC/production/_ext/764219029/drv_usbfs.o
                0xa0000554                gDrvUSBGroup
 COMMON         0xa000061c       0xac build/pic32mx795F512L_EPC/production/_ext/610166344/usb_device_cdc.o
                0xa000061c                gUSBDeviceCDCInstance
                0xa000065c                gUSBDeviceCDCIRP
                0xa00006c8                . = ALIGN ((. != 0x0)?0x4:0x1)
                0xa00006c8                . = ALIGN (0x4)
                0xa00006c8                _end = .
                0xa00006c8                _bss_end = .
                0x00020000                _bmxdudba_address = 0x20000
                0x00020000                _bmxdupba_address = 0x20000

/DISCARD/
 *(.pdr)
 *(.rel.dyn)
 *(.note.GNU-stack)
 *(.note.GNU-stack)
 *(.gnu_debuglink)
 *(.gnu.lto_*)
 *(.discard)

.gptab.sdata
 *(.gptab.data)
 *(.gptab.sdata)

.gptab.sbss
 *(.gptab.bss)
 *(.gptab.sbss)

.mdebug.abi32   0xa00006c8        0x0
 *(.mdebug.abi32)
 .mdebug.abi32  0xa00006c8        0x0 build/pic32mx795F512L_EPC/production/_ext/1915159432/sys_clk.o
 .mdebug.abi32  0xa00006c8        0x0 build/pic32mx795F512L_EPC/production/_ext/1915159432/sys_clk_pic32mx.o
 .mdebug.abi32  0xa00006c8        0x0 build/pic32mx795F512L_EPC/production/_ext/178637185/sys_devcon.o
 .mdebug.abi32  0xa00006c8        0x0 build/pic32mx795F512L_EPC/production/_ext/178637185/sys_devcon_pic32mx.o
 .mdebug.abi32  0xa00006c8        0x0 build/pic32mx795F512L_EPC/production/_ext/580173608/sys_ports_static.o
 .mdebug.abi32  0xa00006c8        0x0 build/pic32mx795F512L_EPC/production/_ext/1111113889/system_init.o
 .mdebug.abi32  0xa00006c8        0x0 build/pic32mx795F512L_EPC/production/_ext/1111113889/system_interrupt.o
 .mdebug.abi32  0xa00006c8        0x0 build/pic32mx795F512L_EPC/production/_ext/1111113889/system_exceptions.o
 .mdebug.abi32  0xa00006c8        0x0 build/pic32mx795F512L_EPC/production/_ext/1111113889/system_tasks.o
 .mdebug.abi32  0xa00006c8        0x0 build/pic32mx795F512L_EPC/production/_ext/1360937237/app.o
 .mdebug.abi32  0xa00006c8        0x0 build/pic32mx795F512L_EPC/production/_ext/1360937237/main.o
 .mdebug.abi32  0xa00006c8        0x0 build/pic32mx795F512L_EPC/production/_ext/185269848/drv_tmr.o
 .mdebug.abi32  0xa00006c8        0x0 build/pic32mx795F512L_EPC/production/_ext/764219029/drv_usbfs.o
 .mdebug.abi32  0xa00006c8        0x0 build/pic32mx795F512L_EPC/production/_ext/764219029/drv_usbfs_device.o
 .mdebug.abi32  0xa00006c8        0x0 build/pic32mx795F512L_EPC/production/_ext/122796885/sys_int_pic32.o
 .mdebug.abi32  0xa00006c8        0x0 build/pic32mx795F512L_EPC/production/_ext/1264926591/sys_tmr.o
 .mdebug.abi32  0xa00006c8        0x0 build/pic32mx795F512L_EPC/production/_ext/610166344/usb_device.o
 .mdebug.abi32  0xa00006c8        0x0 build/pic32mx795F512L_EPC/production/_ext/610166344/usb_device_cdc.o
 .mdebug.abi32  0xa00006c8        0x0 build/pic32mx795F512L_EPC/production/_ext/610166344/usb_device_cdc_acm.o
 .mdebug.abi32  0xa00006c8        0x0 c:/program files (x86)/microchip/xc32/v1.43/bin/bin/../../lib/gcc/pic32mx/4.8.3\libgcc.a(_udivdi3.o)
 .mdebug.abi32  0xa00006c8        0x0 c:/program files (x86)/microchip/xc32/v1.43/bin/bin/../../lib/gcc/pic32mx/4.8.3/../../../../pic32mx/lib\libpic32.a(default-bootstrap-exception-handler.o)
 .mdebug.abi32  0xa00006c8        0x0 c:/program files (x86)/microchip/xc32/v1.43/bin/bin/../../lib/gcc/pic32mx/4.8.3/../../../../pic32mx/lib\libpic32.a(default-on-reset.o)
 .mdebug.abi32  0xa00006c8        0x0 c:/program files (x86)/microchip/xc32/v1.43/bin/bin/../../lib/gcc/pic32mx/4.8.3/../../../../pic32mx/lib\libpic32.a(default-on-bootstrap.o)
 .mdebug.abi32  0xa00006c8        0x0 c:/program files (x86)/microchip/xc32/v1.43/bin/bin/../../lib/gcc/pic32mx/4.8.3/../../../../pic32mx/lib\libpic32.a(defaultinterrupt.o)

.mdebug.abiN32
 *(.mdebug.abiN32)

.mdebug.abi64
 *(.mdebug.abi64)

.mdebug.abiO64
 *(.mdebug.abiO64)

.mdebug.eabi32
 *(.mdebug.eabi32)

.mdebug.eabi64
 *(.mdebug.eabi64)

.gcc_compiled_long32
 *(.gcc_compiled_long32)

.gcc_compiled_long64
 *(.gcc_compiled_long64)

.stab
 *(.stab)

.stabstr
 *(.stabstr)

.stab.excl
 *(.stab.excl)

.stab.exclstr
 *(.stab.exclstr)

.stab.index
 *(.stab.index)

.stab.indexstr
 *(.stab.indexstr)

.comment        0x00000000       0x54
 *(.comment)
 .comment       0x00000000       0x3c build/pic32mx795F512L_EPC/production/_ext/1915159432/sys_clk.o
                                 0x3d (size before relaxing)
 .comment       0x00000000       0x3d build/pic32mx795F512L_EPC/production/_ext/1915159432/sys_clk_pic32mx.o
 .comment       0x00000000       0x3d build/pic32mx795F512L_EPC/production/_ext/178637185/sys_devcon.o
 .comment       0x00000000       0x3d build/pic32mx795F512L_EPC/production/_ext/178637185/sys_devcon_pic32mx.o
 .comment       0x00000000       0x3d build/pic32mx795F512L_EPC/production/_ext/580173608/sys_ports_static.o
 .comment       0x00000000       0x3d build/pic32mx795F512L_EPC/production/_ext/1111113889/system_init.o
 .comment       0x00000000       0x3d build/pic32mx795F512L_EPC/production/_ext/1111113889/system_interrupt.o
 .comment       0x00000000       0x3d build/pic32mx795F512L_EPC/production/_ext/1111113889/system_exceptions.o
 .comment       0x00000000       0x3d build/pic32mx795F512L_EPC/production/_ext/1111113889/system_tasks.o
 .comment       0x00000000       0x3d build/pic32mx795F512L_EPC/production/_ext/1360937237/app.o
 .comment       0x00000000       0x3d build/pic32mx795F512L_EPC/production/_ext/1360937237/main.o
 .comment       0x00000000       0x3d build/pic32mx795F512L_EPC/production/_ext/185269848/drv_tmr.o
 .comment       0x00000000       0x3d build/pic32mx795F512L_EPC/production/_ext/764219029/drv_usbfs.o
 .comment       0x00000000       0x3d build/pic32mx795F512L_EPC/production/_ext/764219029/drv_usbfs_device.o
 .comment       0x00000000       0x3d build/pic32mx795F512L_EPC/production/_ext/122796885/sys_int_pic32.o
 .comment       0x00000000       0x3d build/pic32mx795F512L_EPC/production/_ext/1264926591/sys_tmr.o
 .comment       0x00000000       0x3d build/pic32mx795F512L_EPC/production/_ext/610166344/usb_device.o
 .comment       0x00000000       0x3d build/pic32mx795F512L_EPC/production/_ext/610166344/usb_device_cdc.o
 .comment       0x00000000       0x3d build/pic32mx795F512L_EPC/production/_ext/610166344/usb_device_cdc_acm.o
 .comment       0x00000000       0x3d c:/program files (x86)/microchip/xc32/v1.43/bin/bin/../../lib/gcc/pic32mx/4.8.3\libgcc.a(_udivdi3.o)
 .comment       0x0000003c       0x18 c:/program files (x86)/microchip/xc32/v1.43/bin/bin/../../lib/gcc/pic32mx/4.8.3/../../../../pic32mx/lib\libpic32.a(memset.o)
                                 0x19 (size before relaxing)
 .comment       0x00000000       0x3d c:/program files (x86)/microchip/xc32/v1.43/bin/bin/../../lib/gcc/pic32mx/4.8.3/../../../../pic32mx/lib\libpic32.a(default-bootstrap-exception-handler.o)
 .comment       0x00000000       0x3d c:/program files (x86)/microchip/xc32/v1.43/bin/bin/../../lib/gcc/pic32mx/4.8.3/../../../../pic32mx/lib\libpic32.a(default-on-reset.o)
 .comment       0x00000000       0x3d c:/program files (x86)/microchip/xc32/v1.43/bin/bin/../../lib/gcc/pic32mx/4.8.3/../../../../pic32mx/lib\libpic32.a(default-on-bootstrap.o)
 .comment       0x00000000       0x3d c:/program files (x86)/microchip/xc32/v1.43/bin/bin/../../lib/gcc/pic32mx/4.8.3/../../../../pic32mx/lib\libpic32.a(defaultinterrupt.o)

.debug
 *(.debug)

.line
 *(.line)

.debug_srcinfo
 *(.debug_srcinfo)

.debug_sfnames
 *(.debug_sfnames)

.debug_aranges  0x00000000      0x9c8
 *(.debug_aranges)
 .debug_aranges
                0x00000000       0x88 build/pic32mx795F512L_EPC/production/_ext/1915159432/sys_clk.o
 .debug_aranges
                0x00000088       0x80 build/pic32mx795F512L_EPC/production/_ext/1915159432/sys_clk_pic32mx.o
 .debug_aranges
                0x00000108       0x78 build/pic32mx795F512L_EPC/production/_ext/178637185/sys_devcon.o
 .debug_aranges
                0x00000180       0x20 build/pic32mx795F512L_EPC/production/_ext/178637185/sys_devcon_pic32mx.o
 .debug_aranges
                0x000001a0      0x108 build/pic32mx795F512L_EPC/production/_ext/580173608/sys_ports_static.o
 .debug_aranges
                0x000002a8       0x20 build/pic32mx795F512L_EPC/production/_ext/1111113889/system_init.o
 .debug_aranges
                0x000002c8       0x28 build/pic32mx795F512L_EPC/production/_ext/1111113889/system_interrupt.o
 .debug_aranges
                0x000002f0       0x20 build/pic32mx795F512L_EPC/production/_ext/1111113889/system_exceptions.o
 .debug_aranges
                0x00000310       0x20 build/pic32mx795F512L_EPC/production/_ext/1111113889/system_tasks.o
 .debug_aranges
                0x00000330       0x88 build/pic32mx795F512L_EPC/production/_ext/1360937237/app.o
 .debug_aranges
                0x000003b8       0x20 build/pic32mx795F512L_EPC/production/_ext/1360937237/main.o
 .debug_aranges
                0x000003d8      0x110 build/pic32mx795F512L_EPC/production/_ext/185269848/drv_tmr.o
 .debug_aranges
                0x000004e8       0x70 build/pic32mx795F512L_EPC/production/_ext/764219029/drv_usbfs.o
 .debug_aranges
                0x00000558       0xc0 build/pic32mx795F512L_EPC/production/_ext/764219029/drv_usbfs_device.o
 .debug_aranges
                0x00000618       0x48 build/pic32mx795F512L_EPC/production/_ext/122796885/sys_int_pic32.o
 .debug_aranges
                0x00000660       0xd0 build/pic32mx795F512L_EPC/production/_ext/1264926591/sys_tmr.o
 .debug_aranges
                0x00000730      0x150 build/pic32mx795F512L_EPC/production/_ext/610166344/usb_device.o
 .debug_aranges
                0x00000880       0x88 build/pic32mx795F512L_EPC/production/_ext/610166344/usb_device_cdc.o
 .debug_aranges
                0x00000908       0x20 build/pic32mx795F512L_EPC/production/_ext/610166344/usb_device_cdc_acm.o
 .debug_aranges
                0x00000928       0x20 c:/program files (x86)/microchip/xc32/v1.43/bin/bin/../../lib/gcc/pic32mx/4.8.3\libgcc.a(_udivdi3.o)
 .debug_aranges
                0x00000948       0x20 c:/program files (x86)/microchip/xc32/v1.43/bin/bin/../../lib/gcc/pic32mx/4.8.3/../../../../pic32mx/lib\libpic32.a(default-bootstrap-exception-handler.o)
 .debug_aranges
                0x00000968       0x20 c:/program files (x86)/microchip/xc32/v1.43/bin/bin/../../lib/gcc/pic32mx/4.8.3/../../../../pic32mx/lib\libpic32.a(default-on-reset.o)
 .debug_aranges
                0x00000988       0x20 c:/program files (x86)/microchip/xc32/v1.43/bin/bin/../../lib/gcc/pic32mx/4.8.3/../../../../pic32mx/lib\libpic32.a(default-on-bootstrap.o)
 .debug_aranges
                0x000009a8       0x20 c:/program files (x86)/microchip/xc32/v1.43/bin/bin/../../lib/gcc/pic32mx/4.8.3/../../../../pic32mx/lib\libpic32.a(defaultinterrupt.o)

.debug_pubnames
 *(.debug_pubnames)

.debug_info     0x00000000    0x3b4e6
 *(.debug_info .gnu.linkonce.wi.*)
 .debug_info    0x00000000     0x24cf build/pic32mx795F512L_EPC/production/_ext/1915159432/sys_clk.o
 .debug_info    0x000024cf     0x20a7 build/pic32mx795F512L_EPC/production/_ext/1915159432/sys_clk_pic32mx.o
 .debug_info    0x00004576     0x163d build/pic32mx795F512L_EPC/production/_ext/178637185/sys_devcon.o
 .debug_info    0x00005bb3     0x1782 build/pic32mx795F512L_EPC/production/_ext/178637185/sys_devcon_pic32mx.o
 .debug_info    0x00007335     0x3dff build/pic32mx795F512L_EPC/production/_ext/580173608/sys_ports_static.o
 .debug_info    0x0000b134     0x550e build/pic32mx795F512L_EPC/production/_ext/1111113889/system_init.o
 .debug_info    0x00010642      0xa6b build/pic32mx795F512L_EPC/production/_ext/1111113889/system_interrupt.o
 .debug_info    0x000110ad     0x1060 build/pic32mx795F512L_EPC/production/_ext/1111113889/system_exceptions.o
 .debug_info    0x0001210d      0xa6f build/pic32mx795F512L_EPC/production/_ext/1111113889/system_tasks.o
 .debug_info    0x00012b7c     0x5d37 build/pic32mx795F512L_EPC/production/_ext/1360937237/app.o
 .debug_info    0x000188b3      0x1b3 build/pic32mx795F512L_EPC/production/_ext/1360937237/main.o
 .debug_info    0x00018a66     0x5a2f build/pic32mx795F512L_EPC/production/_ext/185269848/drv_tmr.o
 .debug_info    0x0001e495     0x4f60 build/pic32mx795F512L_EPC/production/_ext/764219029/drv_usbfs.o
 .debug_info    0x000233f5     0x7f69 build/pic32mx795F512L_EPC/production/_ext/764219029/drv_usbfs_device.o
 .debug_info    0x0002b35e     0x1624 build/pic32mx795F512L_EPC/production/_ext/122796885/sys_int_pic32.o
 .debug_info    0x0002c982     0x2779 build/pic32mx795F512L_EPC/production/_ext/1264926591/sys_tmr.o
 .debug_info    0x0002f0fb     0x5742 build/pic32mx795F512L_EPC/production/_ext/610166344/usb_device.o
 .debug_info    0x0003483d     0x4db1 build/pic32mx795F512L_EPC/production/_ext/610166344/usb_device_cdc.o
 .debug_info    0x000395ee     0x1408 build/pic32mx795F512L_EPC/production/_ext/610166344/usb_device_cdc_acm.o
 .debug_info    0x0003a9f6      0x76f c:/program files (x86)/microchip/xc32/v1.43/bin/bin/../../lib/gcc/pic32mx/4.8.3\libgcc.a(_udivdi3.o)
 .debug_info    0x0003b165       0xf5 c:/program files (x86)/microchip/xc32/v1.43/bin/bin/../../lib/gcc/pic32mx/4.8.3/../../../../pic32mx/lib\libpic32.a(default-bootstrap-exception-handler.o)
 .debug_info    0x0003b25a       0xce c:/program files (x86)/microchip/xc32/v1.43/bin/bin/../../lib/gcc/pic32mx/4.8.3/../../../../pic32mx/lib\libpic32.a(default-on-reset.o)
 .debug_info    0x0003b328       0xd6 c:/program files (x86)/microchip/xc32/v1.43/bin/bin/../../lib/gcc/pic32mx/4.8.3/../../../../pic32mx/lib\libpic32.a(default-on-bootstrap.o)
 .debug_info    0x0003b3fe       0xe8 c:/program files (x86)/microchip/xc32/v1.43/bin/bin/../../lib/gcc/pic32mx/4.8.3/../../../../pic32mx/lib\libpic32.a(defaultinterrupt.o)

.debug_abbrev   0x00000000     0x3aed
 *(.debug_abbrev)
 .debug_abbrev  0x00000000      0x392 build/pic32mx795F512L_EPC/production/_ext/1915159432/sys_clk.o
 .debug_abbrev  0x00000392      0x389 build/pic32mx795F512L_EPC/production/_ext/1915159432/sys_clk_pic32mx.o
 .debug_abbrev  0x0000071b      0x27b build/pic32mx795F512L_EPC/production/_ext/178637185/sys_devcon.o
 .debug_abbrev  0x00000996      0x20f build/pic32mx795F512L_EPC/production/_ext/178637185/sys_devcon_pic32mx.o
 .debug_abbrev  0x00000ba5      0x282 build/pic32mx795F512L_EPC/production/_ext/580173608/sys_ports_static.o
 .debug_abbrev  0x00000e27      0x366 build/pic32mx795F512L_EPC/production/_ext/1111113889/system_init.o
 .debug_abbrev  0x0000118d      0x11a build/pic32mx795F512L_EPC/production/_ext/1111113889/system_interrupt.o
 .debug_abbrev  0x000012a7       0xfc build/pic32mx795F512L_EPC/production/_ext/1111113889/system_exceptions.o
 .debug_abbrev  0x000013a3      0x11a build/pic32mx795F512L_EPC/production/_ext/1111113889/system_tasks.o
 .debug_abbrev  0x000014bd      0x499 build/pic32mx795F512L_EPC/production/_ext/1360937237/app.o
 .debug_abbrev  0x00001956       0x93 build/pic32mx795F512L_EPC/production/_ext/1360937237/main.o
 .debug_abbrev  0x000019e9      0x4e4 build/pic32mx795F512L_EPC/production/_ext/185269848/drv_tmr.o
 .debug_abbrev  0x00001ecd      0x44d build/pic32mx795F512L_EPC/production/_ext/764219029/drv_usbfs.o
 .debug_abbrev  0x0000231a      0x4a6 build/pic32mx795F512L_EPC/production/_ext/764219029/drv_usbfs_device.o
 .debug_abbrev  0x000027c0      0x226 build/pic32mx795F512L_EPC/production/_ext/122796885/sys_int_pic32.o
 .debug_abbrev  0x000029e6      0x4ed build/pic32mx795F512L_EPC/production/_ext/1264926591/sys_tmr.o
 .debug_abbrev  0x00002ed3      0x420 build/pic32mx795F512L_EPC/production/_ext/610166344/usb_device.o
 .debug_abbrev  0x000032f3      0x464 build/pic32mx795F512L_EPC/production/_ext/610166344/usb_device_cdc.o
 .debug_abbrev  0x00003757      0x1be build/pic32mx795F512L_EPC/production/_ext/610166344/usb_device_cdc_acm.o
 .debug_abbrev  0x00003915      0x138 c:/program files (x86)/microchip/xc32/v1.43/bin/bin/../../lib/gcc/pic32mx/4.8.3\libgcc.a(_udivdi3.o)
 .debug_abbrev  0x00003a4d       0x28 c:/program files (x86)/microchip/xc32/v1.43/bin/bin/../../lib/gcc/pic32mx/4.8.3/../../../../pic32mx/lib\libpic32.a(default-bootstrap-exception-handler.o)
 .debug_abbrev  0x00003a75       0x28 c:/program files (x86)/microchip/xc32/v1.43/bin/bin/../../lib/gcc/pic32mx/4.8.3/../../../../pic32mx/lib\libpic32.a(default-on-reset.o)
 .debug_abbrev  0x00003a9d       0x28 c:/program files (x86)/microchip/xc32/v1.43/bin/bin/../../lib/gcc/pic32mx/4.8.3/../../../../pic32mx/lib\libpic32.a(default-on-bootstrap.o)
 .debug_abbrev  0x00003ac5       0x28 c:/program files (x86)/microchip/xc32/v1.43/bin/bin/../../lib/gcc/pic32mx/4.8.3/../../../../pic32mx/lib\libpic32.a(defaultinterrupt.o)

.debug_line     0x00000000     0x7738
 *(.debug_line)
 .debug_line    0x00000000      0x5b6 build/pic32mx795F512L_EPC/production/_ext/1915159432/sys_clk.o
 .debug_line    0x000005b6      0x64a build/pic32mx795F512L_EPC/production/_ext/1915159432/sys_clk_pic32mx.o
 .debug_line    0x00000c00      0x67c build/pic32mx795F512L_EPC/production/_ext/178637185/sys_devcon.o
 .debug_line    0x0000127c      0x4c1 build/pic32mx795F512L_EPC/production/_ext/178637185/sys_devcon_pic32mx.o
 .debug_line    0x0000173d      0x6fe build/pic32mx795F512L_EPC/production/_ext/580173608/sys_ports_static.o
 .debug_line    0x00001e3b      0x79b build/pic32mx795F512L_EPC/production/_ext/1111113889/system_init.o
 .debug_line    0x000025d6      0x25f build/pic32mx795F512L_EPC/production/_ext/1111113889/system_interrupt.o
 .debug_line    0x00002835      0x1c1 build/pic32mx795F512L_EPC/production/_ext/1111113889/system_exceptions.o
 .debug_line    0x000029f6      0x2c9 build/pic32mx795F512L_EPC/production/_ext/1111113889/system_tasks.o
 .debug_line    0x00002cbf      0x885 build/pic32mx795F512L_EPC/production/_ext/1360937237/app.o
 .debug_line    0x00003544       0xc3 build/pic32mx795F512L_EPC/production/_ext/1360937237/main.o
 .debug_line    0x00003607      0xc55 build/pic32mx795F512L_EPC/production/_ext/185269848/drv_tmr.o
 .debug_line    0x0000425c      0x80c build/pic32mx795F512L_EPC/production/_ext/764219029/drv_usbfs.o
 .debug_line    0x00004a68      0xddc build/pic32mx795F512L_EPC/production/_ext/764219029/drv_usbfs_device.o
 .debug_line    0x00005844      0x35f build/pic32mx795F512L_EPC/production/_ext/122796885/sys_int_pic32.o
 .debug_line    0x00005ba3      0x638 build/pic32mx795F512L_EPC/production/_ext/1264926591/sys_tmr.o
 .debug_line    0x000061db      0x8fe build/pic32mx795F512L_EPC/production/_ext/610166344/usb_device.o
 .debug_line    0x00006ad9      0x693 build/pic32mx795F512L_EPC/production/_ext/610166344/usb_device_cdc.o
 .debug_line    0x0000716c      0x256 build/pic32mx795F512L_EPC/production/_ext/610166344/usb_device_cdc_acm.o
 .debug_line    0x000073c2       0xfd c:/program files (x86)/microchip/xc32/v1.43/bin/bin/../../lib/gcc/pic32mx/4.8.3\libgcc.a(_udivdi3.o)
 .debug_line    0x000074bf       0xa7 c:/program files (x86)/microchip/xc32/v1.43/bin/bin/../../lib/gcc/pic32mx/4.8.3/../../../../pic32mx/lib\libpic32.a(default-bootstrap-exception-handler.o)
 .debug_line    0x00007566       0x94 c:/program files (x86)/microchip/xc32/v1.43/bin/bin/../../lib/gcc/pic32mx/4.8.3/../../../../pic32mx/lib\libpic32.a(default-on-reset.o)
 .debug_line    0x000075fa       0x98 c:/program files (x86)/microchip/xc32/v1.43/bin/bin/../../lib/gcc/pic32mx/4.8.3/../../../../pic32mx/lib\libpic32.a(default-on-bootstrap.o)
 .debug_line    0x00007692       0xa6 c:/program files (x86)/microchip/xc32/v1.43/bin/bin/../../lib/gcc/pic32mx/4.8.3/../../../../pic32mx/lib\libpic32.a(defaultinterrupt.o)

.debug_frame    0x00000000     0x168c
 *(.debug_frame)
 .debug_frame   0x00000000      0x134 build/pic32mx795F512L_EPC/production/_ext/1915159432/sys_clk.o
 .debug_frame   0x00000134      0x138 build/pic32mx795F512L_EPC/production/_ext/1915159432/sys_clk_pic32mx.o
 .debug_frame   0x0000026c       0xe8 build/pic32mx795F512L_EPC/production/_ext/178637185/sys_devcon.o
 .debug_frame   0x00000354       0x28 build/pic32mx795F512L_EPC/production/_ext/178637185/sys_devcon_pic32mx.o
 .debug_frame   0x0000037c      0x1f0 build/pic32mx795F512L_EPC/production/_ext/580173608/sys_ports_static.o
 .debug_frame   0x0000056c       0x2c build/pic32mx795F512L_EPC/production/_ext/1111113889/system_init.o
 .debug_frame   0x00000598       0xb8 build/pic32mx795F512L_EPC/production/_ext/1111113889/system_interrupt.o
 .debug_frame   0x00000650       0x28 build/pic32mx795F512L_EPC/production/_ext/1111113889/system_exceptions.o
 .debug_frame   0x00000678       0x28 build/pic32mx795F512L_EPC/production/_ext/1111113889/system_tasks.o
 .debug_frame   0x000006a0      0x15c build/pic32mx795F512L_EPC/production/_ext/1360937237/app.o
 .debug_frame   0x000007fc       0x28 build/pic32mx795F512L_EPC/production/_ext/1360937237/main.o
 .debug_frame   0x00000824      0x2ac build/pic32mx795F512L_EPC/production/_ext/185269848/drv_tmr.o
 .debug_frame   0x00000ad0       0xe8 build/pic32mx795F512L_EPC/production/_ext/764219029/drv_usbfs.o
 .debug_frame   0x00000bb8      0x1f0 build/pic32mx795F512L_EPC/production/_ext/764219029/drv_usbfs_device.o
 .debug_frame   0x00000da8       0x90 build/pic32mx795F512L_EPC/production/_ext/122796885/sys_int_pic32.o
 .debug_frame   0x00000e38      0x24c build/pic32mx795F512L_EPC/production/_ext/1264926591/sys_tmr.o
 .debug_frame   0x00001084      0x3d8 build/pic32mx795F512L_EPC/production/_ext/610166344/usb_device.o
 .debug_frame   0x0000145c      0x15c build/pic32mx795F512L_EPC/production/_ext/610166344/usb_device_cdc.o
 .debug_frame   0x000015b8       0x28 build/pic32mx795F512L_EPC/production/_ext/610166344/usb_device_cdc_acm.o
 .debug_frame   0x000015e0       0x20 c:/program files (x86)/microchip/xc32/v1.43/bin/bin/../../lib/gcc/pic32mx/4.8.3\libgcc.a(_udivdi3.o)
 .debug_frame   0x00001600       0x2c c:/program files (x86)/microchip/xc32/v1.43/bin/bin/../../lib/gcc/pic32mx/4.8.3/../../../../pic32mx/lib\libpic32.a(default-bootstrap-exception-handler.o)
 .debug_frame   0x0000162c       0x20 c:/program files (x86)/microchip/xc32/v1.43/bin/bin/../../lib/gcc/pic32mx/4.8.3/../../../../pic32mx/lib\libpic32.a(default-on-reset.o)
 .debug_frame   0x0000164c       0x20 c:/program files (x86)/microchip/xc32/v1.43/bin/bin/../../lib/gcc/pic32mx/4.8.3/../../../../pic32mx/lib\libpic32.a(default-on-bootstrap.o)
 .debug_frame   0x0000166c       0x20 c:/program files (x86)/microchip/xc32/v1.43/bin/bin/../../lib/gcc/pic32mx/4.8.3/../../../../pic32mx/lib\libpic32.a(defaultinterrupt.o)

.debug_str      0x00000000      0xbd3
 *(.debug_str)
 .debug_str     0x00000000       0x9a build/pic32mx795F512L_EPC/production/_ext/1915159432/sys_clk.o
 .debug_str     0x0000009a      0x118 build/pic32mx795F512L_EPC/production/_ext/1915159432/sys_clk_pic32mx.o
 .debug_str     0x000001b2       0x16 build/pic32mx795F512L_EPC/production/_ext/178637185/sys_devcon.o
 .debug_str     0x000001c8        0x6 build/pic32mx795F512L_EPC/production/_ext/178637185/sys_devcon_pic32mx.o
 .debug_str     0x000001ce       0x55 build/pic32mx795F512L_EPC/production/_ext/580173608/sys_ports_static.o
 .debug_str     0x00000223      0x119 build/pic32mx795F512L_EPC/production/_ext/1111113889/system_init.o
 .debug_str     0x0000033c        0x0 build/pic32mx795F512L_EPC/production/_ext/1111113889/system_interrupt.o
 .debug_str     0x0000033c        0x0 build/pic32mx795F512L_EPC/production/_ext/1111113889/system_exceptions.o
 .debug_str     0x0000033c        0x0 build/pic32mx795F512L_EPC/production/_ext/1111113889/system_tasks.o
 .debug_str     0x0000033c       0xe6 build/pic32mx795F512L_EPC/production/_ext/1360937237/app.o
 .debug_str     0x00000422        0x0 build/pic32mx795F512L_EPC/production/_ext/1360937237/main.o
 .debug_str     0x00000422       0xc6 build/pic32mx795F512L_EPC/production/_ext/185269848/drv_tmr.o
 .debug_str     0x000004e8       0xa2 build/pic32mx795F512L_EPC/production/_ext/764219029/drv_usbfs.o
 .debug_str     0x0000058a      0x167 build/pic32mx795F512L_EPC/production/_ext/764219029/drv_usbfs_device.o
 .debug_str     0x000006f1       0x2d build/pic32mx795F512L_EPC/production/_ext/122796885/sys_int_pic32.o
 .debug_str     0x0000071e       0x7d build/pic32mx795F512L_EPC/production/_ext/1264926591/sys_tmr.o
 .debug_str     0x0000079b      0x29f build/pic32mx795F512L_EPC/production/_ext/610166344/usb_device.o
 .debug_str     0x00000a3a      0x18b build/pic32mx795F512L_EPC/production/_ext/610166344/usb_device_cdc.o
 .debug_str     0x00000bc5        0xe build/pic32mx795F512L_EPC/production/_ext/610166344/usb_device_cdc_acm.o
 .debug_str     0x00000bd3        0x0 c:/program files (x86)/microchip/xc32/v1.43/bin/bin/../../lib/gcc/pic32mx/4.8.3\libgcc.a(_udivdi3.o)
 .debug_str     0x00000bd3        0x0 c:/program files (x86)/microchip/xc32/v1.43/bin/bin/../../lib/gcc/pic32mx/4.8.3/../../../../pic32mx/lib\libpic32.a(default-bootstrap-exception-handler.o)
 .debug_str     0x00000bd3        0x0 c:/program files (x86)/microchip/xc32/v1.43/bin/bin/../../lib/gcc/pic32mx/4.8.3/../../../../pic32mx/lib\libpic32.a(default-on-reset.o)
 .debug_str     0x00000bd3        0x0 c:/program files (x86)/microchip/xc32/v1.43/bin/bin/../../lib/gcc/pic32mx/4.8.3/../../../../pic32mx/lib\libpic32.a(default-on-bootstrap.o)
 .debug_str     0x00000bd3        0x0 c:/program files (x86)/microchip/xc32/v1.43/bin/bin/../../lib/gcc/pic32mx/4.8.3/../../../../pic32mx/lib\libpic32.a(defaultinterrupt.o)

.debug_loc      0x00000000     0xa8e0
 *(.debug_loc)
 .debug_loc     0x00000000      0x18f build/pic32mx795F512L_EPC/production/_ext/1915159432/sys_clk.o
 .debug_loc     0x0000018f      0xb8c build/pic32mx795F512L_EPC/production/_ext/1915159432/sys_clk_pic32mx.o
 .debug_loc     0x00000d1b       0xf0 build/pic32mx795F512L_EPC/production/_ext/178637185/sys_devcon.o
 .debug_loc     0x00000e0b       0xda build/pic32mx795F512L_EPC/production/_ext/178637185/sys_devcon_pic32mx.o
 .debug_loc     0x00000ee5      0x74e build/pic32mx795F512L_EPC/production/_ext/580173608/sys_ports_static.o
 .debug_loc     0x00001633       0x21 build/pic32mx795F512L_EPC/production/_ext/1111113889/system_init.o
 .debug_loc     0x00001654      0xd7b build/pic32mx795F512L_EPC/production/_ext/1360937237/app.o
 .debug_loc     0x000023cf     0x18ef build/pic32mx795F512L_EPC/production/_ext/185269848/drv_tmr.o
 .debug_loc     0x00003cbe      0x5f0 build/pic32mx795F512L_EPC/production/_ext/764219029/drv_usbfs.o
 .debug_loc     0x000042ae     0x21d7 build/pic32mx795F512L_EPC/production/_ext/764219029/drv_usbfs_device.o
 .debug_loc     0x00006485       0x69 build/pic32mx795F512L_EPC/production/_ext/122796885/sys_int_pic32.o
 .debug_loc     0x000064ee      0xf11 build/pic32mx795F512L_EPC/production/_ext/1264926591/sys_tmr.o
 .debug_loc     0x000073ff     0x1aa8 build/pic32mx795F512L_EPC/production/_ext/610166344/usb_device.o
 .debug_loc     0x00008ea7      0xda4 build/pic32mx795F512L_EPC/production/_ext/610166344/usb_device_cdc.o
 .debug_loc     0x00009c4b      0x1ff build/pic32mx795F512L_EPC/production/_ext/610166344/usb_device_cdc_acm.o
 .debug_loc     0x00009e4a      0xa6a c:/program files (x86)/microchip/xc32/v1.43/bin/bin/../../lib/gcc/pic32mx/4.8.3\libgcc.a(_udivdi3.o)
 .debug_loc     0x0000a8b4       0x2c c:/program files (x86)/microchip/xc32/v1.43/bin/bin/../../lib/gcc/pic32mx/4.8.3/../../../../pic32mx/lib\libpic32.a(default-bootstrap-exception-handler.o)

.debug_macinfo
 *(.debug_macinfo)

.debug_weaknames
 *(.debug_weaknames)

.debug_funcnames
 *(.debug_funcnames)

.debug_typenames
 *(.debug_typenames)

.debug_varnames
 *(.debug_varnames)

.debug_pubtypes
 *(.debug_pubtypes)

.debug_ranges   0x00000000      0xc98
 *(.debug_ranges)
 .debug_ranges  0x00000000       0x78 build/pic32mx795F512L_EPC/production/_ext/1915159432/sys_clk.o
 .debug_ranges  0x00000078       0xa0 build/pic32mx795F512L_EPC/production/_ext/1915159432/sys_clk_pic32mx.o
 .debug_ranges  0x00000118       0x68 build/pic32mx795F512L_EPC/production/_ext/178637185/sys_devcon.o
 .debug_ranges  0x00000180       0x10 build/pic32mx795F512L_EPC/production/_ext/178637185/sys_devcon_pic32mx.o
 .debug_ranges  0x00000190       0xf8 build/pic32mx795F512L_EPC/production/_ext/580173608/sys_ports_static.o
 .debug_ranges  0x00000288       0x10 build/pic32mx795F512L_EPC/production/_ext/1111113889/system_init.o
 .debug_ranges  0x00000298       0x18 build/pic32mx795F512L_EPC/production/_ext/1111113889/system_interrupt.o
 .debug_ranges  0x000002b0       0x10 build/pic32mx795F512L_EPC/production/_ext/1111113889/system_exceptions.o
 .debug_ranges  0x000002c0       0x10 build/pic32mx795F512L_EPC/production/_ext/1111113889/system_tasks.o
 .debug_ranges  0x000002d0      0x178 build/pic32mx795F512L_EPC/production/_ext/1360937237/app.o
 .debug_ranges  0x00000448       0x10 build/pic32mx795F512L_EPC/production/_ext/1360937237/main.o
 .debug_ranges  0x00000458      0x258 build/pic32mx795F512L_EPC/production/_ext/185269848/drv_tmr.o
 .debug_ranges  0x000006b0       0x60 build/pic32mx795F512L_EPC/production/_ext/764219029/drv_usbfs.o
 .debug_ranges  0x00000710      0x150 build/pic32mx795F512L_EPC/production/_ext/764219029/drv_usbfs_device.o
 .debug_ranges  0x00000860       0x50 build/pic32mx795F512L_EPC/production/_ext/122796885/sys_int_pic32.o
 .debug_ranges  0x000008b0      0x148 build/pic32mx795F512L_EPC/production/_ext/1264926591/sys_tmr.o
 .debug_ranges  0x000009f8      0x140 build/pic32mx795F512L_EPC/production/_ext/610166344/usb_device.o
 .debug_ranges  0x00000b38       0x78 build/pic32mx795F512L_EPC/production/_ext/610166344/usb_device_cdc.o
 .debug_ranges  0x00000bb0       0x10 build/pic32mx795F512L_EPC/production/_ext/610166344/usb_device_cdc_acm.o
 .debug_ranges  0x00000bc0       0x98 c:/program files (x86)/microchip/xc32/v1.43/bin/bin/../../lib/gcc/pic32mx/4.8.3\libgcc.a(_udivdi3.o)
 .debug_ranges  0x00000c58       0x10 c:/program files (x86)/microchip/xc32/v1.43/bin/bin/../../lib/gcc/pic32mx/4.8.3/../../../../pic32mx/lib\libpic32.a(default-bootstrap-exception-handler.o)
 .debug_ranges  0x00000c68       0x10 c:/program files (x86)/microchip/xc32/v1.43/bin/bin/../../lib/gcc/pic32mx/4.8.3/../../../../pic32mx/lib\libpic32.a(default-on-reset.o)
 .debug_ranges  0x00000c78       0x10 c:/program files (x86)/microchip/xc32/v1.43/bin/bin/../../lib/gcc/pic32mx/4.8.3/../../../../pic32mx/lib\libpic32.a(default-on-bootstrap.o)
 .debug_ranges  0x00000c88       0x10 c:/program files (x86)/microchip/xc32/v1.43/bin/bin/../../lib/gcc/pic32mx/4.8.3/../../../../pic32mx/lib\libpic32.a(defaultinterrupt.o)

.gnu.attributes
                0x00000000       0x10
 *(.gnu.attributes)
 .gnu.attributes
                0x00000000       0x10 build/pic32mx795F512L_EPC/production/_ext/1915159432/sys_clk.o
 .gnu.attributes
                0x00000010       0x10 build/pic32mx795F512L_EPC/production/_ext/1915159432/sys_clk_pic32mx.o
 .gnu.attributes
                0x00000020       0x10 build/pic32mx795F512L_EPC/production/_ext/178637185/sys_devcon.o
 .gnu.attributes
                0x00000030       0x10 build/pic32mx795F512L_EPC/production/_ext/178637185/sys_devcon_pic32mx.o
 .gnu.attributes
                0x00000040       0x10 build/pic32mx795F512L_EPC/production/_ext/580173608/sys_ports_static.o
 .gnu.attributes
                0x00000050       0x10 build/pic32mx795F512L_EPC/production/_ext/1111113889/system_init.o
 .gnu.attributes
                0x00000060       0x10 build/pic32mx795F512L_EPC/production/_ext/1111113889/system_interrupt.o
 .gnu.attributes
                0x00000070       0x10 build/pic32mx795F512L_EPC/production/_ext/1111113889/system_exceptions.o
 .gnu.attributes
                0x00000080       0x10 build/pic32mx795F512L_EPC/production/_ext/1111113889/system_tasks.o
 .gnu.attributes
                0x00000090       0x10 build/pic32mx795F512L_EPC/production/_ext/1360937237/app.o
 .gnu.attributes
                0x000000a0       0x10 build/pic32mx795F512L_EPC/production/_ext/1360937237/main.o
 .gnu.attributes
                0x000000b0       0x10 build/pic32mx795F512L_EPC/production/_ext/185269848/drv_tmr.o
 .gnu.attributes
                0x000000c0       0x10 build/pic32mx795F512L_EPC/production/_ext/764219029/drv_usbfs.o
 .gnu.attributes
                0x000000d0       0x10 build/pic32mx795F512L_EPC/production/_ext/764219029/drv_usbfs_device.o
 .gnu.attributes
                0x000000e0       0x10 build/pic32mx795F512L_EPC/production/_ext/122796885/sys_int_pic32.o
 .gnu.attributes
                0x000000f0       0x10 build/pic32mx795F512L_EPC/production/_ext/1264926591/sys_tmr.o
 .gnu.attributes
                0x00000100       0x10 build/pic32mx795F512L_EPC/production/_ext/610166344/usb_device.o
 .gnu.attributes
                0x00000110       0x10 build/pic32mx795F512L_EPC/production/_ext/610166344/usb_device_cdc.o
 .gnu.attributes
                0x00000120       0x10 build/pic32mx795F512L_EPC/production/_ext/610166344/usb_device_cdc_acm.o
 .gnu.attributes
                0x00000130       0x10 c:/program files (x86)/microchip/xc32/v1.43/bin/bin/../../lib/gcc/pic32mx/4.8.3\libgcc.a(_udivdi3.o)
 .gnu.attributes
                0x00000140       0x10 c:/program files (x86)/microchip/xc32/v1.43/bin/bin/../../lib/gcc/pic32mx/4.8.3/../../../../pic32mx/lib\libpic32.a(default-bootstrap-exception-handler.o)
 .gnu.attributes
                0x00000150       0x10 c:/program files (x86)/microchip/xc32/v1.43/bin/bin/../../lib/gcc/pic32mx/4.8.3/../../../../pic32mx/lib\libpic32.a(default-on-reset.o)
 .gnu.attributes
                0x00000160       0x10 c:/program files (x86)/microchip/xc32/v1.43/bin/bin/../../lib/gcc/pic32mx/4.8.3/../../../../pic32mx/lib\libpic32.a(default-on-bootstrap.o)
 .gnu.attributes
                0x00000170       0x10 c:/program files (x86)/microchip/xc32/v1.43/bin/bin/../../lib/gcc/pic32mx/4.8.3/../../../../pic32mx/lib\libpic32.a(defaultinterrupt.o)
LOAD c:/program files (x86)/microchip/xc32/v1.43/bin/bin/../../lib/gcc/pic32mx/4.8.3\libgcc.a
START GROUP
LOAD c:/program files (x86)/microchip/xc32/v1.43/bin/bin/../../lib/gcc/pic32mx/4.8.3/../../../../pic32mx/lib\libpic32.a
LOAD c:/program files (x86)/microchip/xc32/v1.43/bin/bin/../../lib/gcc/pic32mx/4.8.3/../../../../pic32mx/lib\libdebug.a
LOAD c:/program files (x86)/microchip/xc32/v1.43/bin/bin/../../lib/gcc/pic32mx/4.8.3/../../../../pic32mx/lib\libpic32.a
LOAD c:/program files (x86)/microchip/xc32/v1.43/bin/bin/../../lib/gcc/pic32mx/4.8.3/../../../../pic32mx/lib\liblega-c.a
LOAD c:/program files (x86)/microchip/xc32/v1.43/bin/bin/../../lib/gcc/pic32mx/4.8.3/../../../../pic32mx/lib\libm.a
LOAD c:/program files (x86)/microchip/xc32/v1.43/bin/bin/../../lib/gcc/pic32mx/4.8.3/../../../../pic32mx/lib\libe.a
LOAD c:/program files (x86)/microchip/xc32/v1.43/bin/bin/../../lib/gcc/pic32mx/4.8.3/../../../../pic32mx/lib\libdsp.a
LOAD c:/program files (x86)/microchip/xc32/v1.43/bin/bin/../../lib/gcc/pic32mx/4.8.3\libgcc.a
LOAD c:/program files (x86)/microchip/xc32/v1.43/bin/bin/../../lib/gcc/pic32mx/4.8.3/../../../../pic32mx/lib\libpic32.a
END GROUP
LOAD c:/program files (x86)/microchip/xc32/v1.43/bin/bin/../../lib/gcc/pic32mx/4.8.3\libgcc.a
OUTPUT(dist/pic32mx795F512L_EPC/production/KioskInterface.production.elf elf32-tradlittlemips)
LOAD stack
LOAD data_init

.reginfo        0x00000000       0x18
 .reginfo       0x00000000       0x18 c:/program files (x86)/microchip/xc32/v1.43/bin/bin/../../lib/gcc/pic32mx/4.8.3/../../../../pic32mx/lib/./proc/32MX795F512L/crt0_mips32r2.o

.stack          0xa0000b68      0x400
 .stack         0xa0000b68      0x400 stack

.COHERENTBSS$   0xa00006d0      0x400
 .COHERENTBSS$  0xa00006d0      0x200 build/pic32mx795F512L_EPC/production/_ext/1360937237/app.o
 .bss.writeBuffer.writeBuffer
                0xa00008d0      0x200 build/pic32mx795F512L_EPC/production/_ext/1360937237/app.o

.bss            0xa0000034      0x180
 .bss           0xa0000034       0xf0 build/pic32mx795F512L_EPC/production/_ext/610166344/usb_device.o
 .bss           0xa0000124       0x90 build/pic32mx795F512L_EPC/production/_ext/1264926591/sys_tmr.o

.data           0xa0000ad0       0x50
 .data          0xa0000ad0       0x50 build/pic32mx795F512L_EPC/production/_ext/764219029/drv_usbfs_device.o
                0xa0000ad0                gDrvUSBFSDeviceInterface

.bss            0xa00001b4       0x3c
 .bss           0xa00001b4       0x3c build/pic32mx795F512L_EPC/production/_ext/185269848/drv_tmr.o

.bss            0xa0000b20       0x28
 .bss           0xa0000b20       0x28 build/pic32mx795F512L_EPC/production/_ext/1360937237/app.o
                0xa0000b20                clearData
                0xa0000b34                lastMSG

._debug_exception
                0xbfc00480       0x2c
 ._debug_exception
                0xbfc00480       0x2c c:/program files (x86)/microchip/xc32/v1.43/bin/bin/../../lib/gcc/pic32mx/4.8.3/../../../../pic32mx/lib\debug-exception-return.o
                0xbfc00480                __DbgExecReturn

.text.APP_Tasks
                0x9d000000      0xc2c
 .text.APP_Tasks
                0x9d000000      0xc2c build/pic32mx795F512L_EPC/production/_ext/1360937237/app.o
                0x9d000000                APP_Tasks

.text._DRV_USBFS_DEVICE_Tasks_ISR
                0x9d000c2c      0x680
 .text._DRV_USBFS_DEVICE_Tasks_ISR
                0x9d000c2c      0x680 build/pic32mx795F512L_EPC/production/_ext/764219029/drv_usbfs_device.o
                0x9d000c2c                _DRV_USBFS_DEVICE_Tasks_ISR

.text.readInputs
                0x9d0012ac      0x64c
 .text.readInputs
                0x9d0012ac      0x64c build/pic32mx795F512L_EPC/production/_ext/1360937237/app.o
                0x9d0012ac                readInputs

.text.SYS_TMR_Tasks
                0x9d0018f8      0x300
 .text.SYS_TMR_Tasks
                0x9d0018f8      0x300 build/pic32mx795F512L_EPC/production/_ext/1264926591/sys_tmr.o
                0x9d0018f8                SYS_TMR_Tasks

.text._USB_DEVICE_ProcessStandardDeviceGetRequests
                0x9d001bf8      0x268
 .text._USB_DEVICE_ProcessStandardDeviceGetRequests
                0x9d001bf8      0x268 build/pic32mx795F512L_EPC/production/_ext/610166344/usb_device.o
                0x9d001bf8                _USB_DEVICE_ProcessStandardDeviceGetRequests

.text.DRV_USBFS_DEVICE_IRPSubmit
                0x9d001e60      0x214
 .text.DRV_USBFS_DEVICE_IRPSubmit
                0x9d001e60      0x214 build/pic32mx795F512L_EPC/production/_ext/764219029/drv_usbfs_device.o
                0x9d001e60                DRV_USBFS_DEVICE_IRPSubmit

.text._USB_DEVICE_EventHandler
                0x9d002074      0x214
 .text._USB_DEVICE_EventHandler
                0x9d002074      0x214 build/pic32mx795F512L_EPC/production/_ext/610166344/usb_device.o
                0x9d002074                _USB_DEVICE_EventHandler

.text._USB_DEVICE_ProcessStandardDeviceSetRequests
                0x9d002288      0x214
 .text._USB_DEVICE_ProcessStandardDeviceSetRequests
                0x9d002288      0x214 build/pic32mx795F512L_EPC/production/_ext/610166344/usb_device.o
                0x9d002288                _USB_DEVICE_ProcessStandardDeviceSetRequests

.text._USB_DEVICE_ControlTransferHandler
                0x9d00249c      0x1f4
 .text._USB_DEVICE_ControlTransferHandler
                0x9d00249c      0x1f4 build/pic32mx795F512L_EPC/production/_ext/610166344/usb_device.o
                0x9d00249c                _USB_DEVICE_ControlTransferHandler

.text.USB_DEVICE_CDC_Write
                0x9d002690      0x1d4
 .text.USB_DEVICE_CDC_Write
                0x9d002690      0x1d4 build/pic32mx795F512L_EPC/production/_ext/610166344/usb_device_cdc.o
                0x9d002690                USB_DEVICE_CDC_Write

.text.USB_DEVICE_CDC_Read
                0x9d002864      0x1b4
 .text.USB_DEVICE_CDC_Read
                0x9d002864      0x1b4 build/pic32mx795F512L_EPC/production/_ext/610166344/usb_device_cdc.o
                0x9d002864                USB_DEVICE_CDC_Read

.text.DRV_USBFS_DEVICE_EndpointStall
                0x9d002a18      0x1a8
 .text.DRV_USBFS_DEVICE_EndpointStall
                0x9d002a18      0x1a8 build/pic32mx795F512L_EPC/production/_ext/764219029/drv_usbfs_device.o
                0x9d002a18                DRV_USBFS_DEVICE_EndpointStall

.text.DRV_TMR_Initialize
                0x9d002bc0      0x1a4
 .text.DRV_TMR_Initialize
                0x9d002bc0      0x1a4 build/pic32mx795F512L_EPC/production/_ext/185269848/drv_tmr.o
                0x9d002bc0                DRV_TMR_Initialize

.text.DRV_USBFS_DEVICE_EndpointStallClear
                0x9d002d64      0x1a4
 .text.DRV_USBFS_DEVICE_EndpointStallClear
                0x9d002d64      0x1a4 build/pic32mx795F512L_EPC/production/_ext/764219029/drv_usbfs_device.o
                0x9d002d64                DRV_USBFS_DEVICE_EndpointStallClear

.text.DRV_USBFS_DEVICE_EndpointEnable
                0x9d002f08      0x194
 .text.DRV_USBFS_DEVICE_EndpointEnable
                0x9d002f08      0x194 build/pic32mx795F512L_EPC/production/_ext/764219029/drv_usbfs_device.o
                0x9d002f08                DRV_USBFS_DEVICE_EndpointEnable

.text._USB_DEVICE_Ep0ReceiveCompleteCallback
                0x9d00309c      0x184
 .text._USB_DEVICE_Ep0ReceiveCompleteCallback
                0x9d00309c      0x184 build/pic32mx795F512L_EPC/production/_ext/610166344/usb_device.o
                0x9d00309c                _USB_DEVICE_Ep0ReceiveCompleteCallback

.text._SYS_TMR_ClientCreate
                0x9d003220      0x178
 .text._SYS_TMR_ClientCreate
                0x9d003220      0x178 build/pic32mx795F512L_EPC/production/_ext/1264926591/sys_tmr.o

.text._USB_DEVICE_CDC_ACMSetUpPacketHandler
                0x9d003398      0x174
 .text._USB_DEVICE_CDC_ACMSetUpPacketHandler
                0x9d003398      0x174 build/pic32mx795F512L_EPC/production/_ext/610166344/usb_device_cdc_acm.o
                0x9d003398                _USB_DEVICE_CDC_ACMSetUpPacketHandler

.rodata         0x9d00350c      0x168
 .rodata        0x9d00350c      0x168 build/pic32mx795F512L_EPC/production/_ext/1111113889/system_init.o
                0x9d00350c                usbDevInitData
                0x9d003540                usbMasterDescriptor
                0x9d00356c                stringDescriptors
                0x9d003578                sd002
                0x9d00358c                sd001
                0x9d0035a4                sd000
                0x9d0035a8                fullSpeedConfigDescSet
                0x9d0035ac                fullSpeedConfigurationDescriptor
                0x9d0035f0                deviceDescriptor
                0x9d003604                funcRegistrationTable
                0x9d003618                cdcInit0
                0x9d003624                sysTmrInitData
                0x9d00362c                drvUSBInit
                0x9d003658                drvTmr0InitData

.text.USB_DEVICE_Tasks
                0x9d003674      0x168
 .text.USB_DEVICE_Tasks
                0x9d003674      0x168 build/pic32mx795F512L_EPC/production/_ext/610166344/usb_device.o
                0x9d003674                USB_DEVICE_Tasks

.text           0x9d0037dc      0x168
 .text          0x9d0037dc      0x168 c:/program files (x86)/microchip/xc32/v1.43/bin/bin/../../lib/gcc/pic32mx/4.8.3/../../../../pic32mx/lib\libpic32.a(memcpy.o)
                0x9d0037dc                memcpy

.text.USB_DEVICE_Initialize
                0x9d003944      0x154
 .text.USB_DEVICE_Initialize
                0x9d003944      0x154 build/pic32mx795F512L_EPC/production/_ext/610166344/usb_device.o
                0x9d003944                USB_DEVICE_Initialize

.text._USB_DEVICE_CDC_Initialization
                0x9d003a98      0x150
 .text._USB_DEVICE_CDC_Initialization
                0x9d003a98      0x150 build/pic32mx795F512L_EPC/production/_ext/610166344/usb_device_cdc.o
                0x9d003a98                _USB_DEVICE_CDC_Initialization

.text.DRV_USBFS_Initialize
                0x9d003be8      0x13c
 .text.DRV_USBFS_Initialize
                0x9d003be8      0x13c build/pic32mx795F512L_EPC/production/_ext/764219029/drv_usbfs.o
                0x9d003be8                DRV_USBFS_Initialize

.text.DRV_USBFS_DEVICE_EndpointDisable
                0x9d003d24      0x13c
 .text.DRV_USBFS_DEVICE_EndpointDisable
                0x9d003d24      0x13c build/pic32mx795F512L_EPC/production/_ext/764219029/drv_usbfs_device.o
                0x9d003d24                DRV_USBFS_DEVICE_EndpointDisable

.text.DRV_USBFS_DEVICE_IRPCancel
                0x9d003e60      0x13c
 .text.DRV_USBFS_DEVICE_IRPCancel
                0x9d003e60      0x13c build/pic32mx795F512L_EPC/production/_ext/764219029/drv_usbfs_device.o
                0x9d003e60                DRV_USBFS_DEVICE_IRPCancel

.text.IntHandlerDrvTmrInstance0
                0x9d003f9c      0x134
 .text.IntHandlerDrvTmrInstance0
                0x9d003f9c      0x134 build/pic32mx795F512L_EPC/production/_ext/1111113889/system_interrupt.o
                0x9d003f9c                IntHandlerDrvTmrInstance0

.text._IntHandlerUSBInstance0
                0x9d0040d0      0x134
 .text._IntHandlerUSBInstance0
                0x9d0040d0      0x134 build/pic32mx795F512L_EPC/production/_ext/1111113889/system_interrupt.o
                0x9d0040d0                _IntHandlerUSBInstance0

.text.APP_Reset
                0x9d004204      0x134
 .text.APP_Reset
                0x9d004204      0x134 build/pic32mx795F512L_EPC/production/_ext/1360937237/app.o
                0x9d004204                APP_Reset

.text.DRV_USBFS_DEVICE_IRPCancelAll
                0x9d004338      0x134
 .text.DRV_USBFS_DEVICE_IRPCancelAll
                0x9d004338      0x134 build/pic32mx795F512L_EPC/production/_ext/764219029/drv_usbfs_device.o
                0x9d004338                DRV_USBFS_DEVICE_IRPCancelAll

.text.DRV_TMR_AlarmRegister
                0x9d00446c      0x12c
 .text.DRV_TMR_AlarmRegister
                0x9d00446c      0x12c build/pic32mx795F512L_EPC/production/_ext/185269848/drv_tmr.o
                0x9d00446c                DRV_TMR_AlarmRegister

.text.SYS_Initialize
                0x9d004598      0x128
 .text.SYS_Initialize
                0x9d004598      0x128 build/pic32mx795F512L_EPC/production/_ext/1111113889/system_init.o
                0x9d004598                SYS_Initialize

.rodata         0x9d0046c0      0x128
 .rodata        0x9d0046c0      0x128 build/pic32mx795F512L_EPC/production/_ext/1111113889/system_exceptions.o

.dinit          0x9d0047e8      0x110
 .dinit         0x9d0047e8      0x110 data_init

.text.APP_USBDeviceEventHandler
                0x9d0048f8      0x10c
 .text.APP_USBDeviceEventHandler
                0x9d0048f8      0x10c build/pic32mx795F512L_EPC/production/_ext/1360937237/app.o
                0x9d0048f8                APP_USBDeviceEventHandler

.text.APP_USBDeviceCDCEventHandler
                0x9d004a04      0x108
 .text.APP_USBDeviceCDCEventHandler
                0x9d004a04      0x108 build/pic32mx795F512L_EPC/production/_ext/1360937237/app.o
                0x9d004a04                APP_USBDeviceCDCEventHandler

.text._USB_DEVICE_ConfigureDevice
                0x9d004b0c      0x100
 .text._USB_DEVICE_ConfigureDevice
                0x9d004b0c      0x100 build/pic32mx795F512L_EPC/production/_ext/610166344/usb_device.o
                0x9d004b0c                _USB_DEVICE_ConfigureDevice

.text._USB_DEVICE_ProcessStandardEndpointRequest
                0x9d004c0c      0x100
 .text._USB_DEVICE_ProcessStandardEndpointRequest
                0x9d004c0c      0x100 build/pic32mx795F512L_EPC/production/_ext/610166344/usb_device.o
                0x9d004c0c                _USB_DEVICE_ProcessStandardEndpointRequest

.text._USB_DEVICE_CDC_ControlTransferHandler
                0x9d004d0c       0xf8
 .text._USB_DEVICE_CDC_ControlTransferHandler
                0x9d004d0c       0xf8 build/pic32mx795F512L_EPC/production/_ext/610166344/usb_device_cdc.o
                0x9d004d0c                _USB_DEVICE_CDC_ControlTransferHandler

.text._DRV_TMR_ClockSourceSet
                0x9d004e04       0xf4
 .text._DRV_TMR_ClockSourceSet
                0x9d004e04       0xf4 build/pic32mx795F512L_EPC/production/_ext/185269848/drv_tmr.o

.text._SYS_TMR_ClientParamSet
                0x9d004ef8       0xe8
 .text._SYS_TMR_ClientParamSet
                0x9d004ef8       0xe8 build/pic32mx795F512L_EPC/production/_ext/1264926591/sys_tmr.o

.text.SYS_DEVCON_PerformanceConfig
                0x9d004fe0       0xe0
 .text.SYS_DEVCON_PerformanceConfig
                0x9d004fe0       0xe0 build/pic32mx795F512L_EPC/production/_ext/178637185/sys_devcon_pic32mx.o
                0x9d004fe0                SYS_DEVCON_PerformanceConfig

.text.general_exception
                0x9d0050c0       0xdc
 .text.general_exception
                0x9d0050c0       0xdc c:/program files (x86)/microchip/xc32/v1.43/bin/bin/../../lib/gcc/pic32mx/4.8.3/../../../../pic32mx/lib\libpic32.a(general-exception.o)
                0x9d0050c0                _general_exception_context

.text.DRV_TMR_CounterFrequencyGet
                0x9d00519c       0xd8
 .text.DRV_TMR_CounterFrequencyGet
                0x9d00519c       0xd8 build/pic32mx795F512L_EPC/production/_ext/185269848/drv_tmr.o
                0x9d00519c                DRV_TMR_CounterFrequencyGet

.text._DRV_USBFS_DEVICE_EndpointBDTEntryArm
                0x9d005274       0xd8
 .text._DRV_USBFS_DEVICE_EndpointBDTEntryArm
                0x9d005274       0xd8 build/pic32mx795F512L_EPC/production/_ext/764219029/drv_usbfs_device.o
                0x9d005274                _DRV_USBFS_DEVICE_EndpointBDTEntryArm

.text._USB_DEVICE_GetStringDescriptorRequestProcess
                0x9d00534c       0xd4
 .text._USB_DEVICE_GetStringDescriptorRequestProcess
                0x9d00534c       0xd4 build/pic32mx795F512L_EPC/production/_ext/610166344/usb_device.o
                0x9d00534c                _USB_DEVICE_GetStringDescriptorRequestProcess

.text.compareInputState
                0x9d005420       0xcc
 .text.compareInputState
                0x9d005420       0xcc build/pic32mx795F512L_EPC/production/_ext/1360937237/app.o
                0x9d005420                compareInputState

.text.SYS_TMR_Initialize
                0x9d0054ec       0xcc
 .text.SYS_TMR_Initialize
                0x9d0054ec       0xcc build/pic32mx795F512L_EPC/production/_ext/1264926591/sys_tmr.o
                0x9d0054ec                SYS_TMR_Initialize

.text._DRV_TMR_ClockPrescaleSet
                0x9d0055b8       0xc8
 .text._DRV_TMR_ClockPrescaleSet
                0x9d0055b8       0xc8 build/pic32mx795F512L_EPC/production/_ext/185269848/drv_tmr.o

.text.DRV_TMR_Tasks
                0x9d005680       0xc8
 .text.DRV_TMR_Tasks
                0x9d005680       0xc8 build/pic32mx795F512L_EPC/production/_ext/185269848/drv_tmr.o
                0x9d005680                DRV_TMR_Tasks

.text.SYS_PORTS_Initialize
                0x9d005748       0xbc
 .text.SYS_PORTS_Initialize
                0x9d005748       0xbc build/pic32mx795F512L_EPC/production/_ext/580173608/sys_ports_static.o
                0x9d005748                SYS_PORTS_Initialize

.text._USB_DEVICE_Ep0TransmitCompleteCallback
                0x9d005804       0xb0
 .text._USB_DEVICE_Ep0TransmitCompleteCallback
                0x9d005804       0xb0 build/pic32mx795F512L_EPC/production/_ext/610166344/usb_device.o
                0x9d005804                _USB_DEVICE_Ep0TransmitCompleteCallback

.text._USB_DEVICE_DeInitializeAllFunctionDrivers
                0x9d0058b4       0xa8
 .text._USB_DEVICE_DeInitializeAllFunctionDrivers
                0x9d0058b4       0xa8 build/pic32mx795F512L_EPC/production/_ext/610166344/usb_device.o
                0x9d0058b4                _USB_DEVICE_DeInitializeAllFunctionDrivers

.text           0x9d00595c       0xa8
 .text          0x9d00595c       0xa8 c:/program files (x86)/microchip/xc32/v1.43/bin/bin/../../lib/gcc/pic32mx/4.8.3/../../../../pic32mx/lib\libpic32.a(memset.o)
                0x9d00595c                memset

.text._USB_DEVICE_CDC_ReadIRPCallback
                0x9d005a04       0xa0
 .text._USB_DEVICE_CDC_ReadIRPCallback
                0x9d005a04       0xa0 build/pic32mx795F512L_EPC/production/_ext/610166344/usb_device_cdc.o
                0x9d005a04                _USB_DEVICE_CDC_ReadIRPCallback

.text._USB_DEVICE_CDC_WriteIRPCallback
                0x9d005aa4       0xa0
 .text._USB_DEVICE_CDC_WriteIRPCallback
                0x9d005aa4       0xa0 build/pic32mx795F512L_EPC/production/_ext/610166344/usb_device_cdc.o
                0x9d005aa4                _USB_DEVICE_CDC_WriteIRPCallback

.text._USB_DEVICE_ForwardControlXfrToFunction
                0x9d005b44       0x9c
 .text._USB_DEVICE_ForwardControlXfrToFunction
                0x9d005b44       0x9c build/pic32mx795F512L_EPC/production/_ext/610166344/usb_device.o
                0x9d005b44                _USB_DEVICE_ForwardControlXfrToFunction

.text._DRV_TMR_ModuleObj
                0x9d005be0       0x84
 .text._DRV_TMR_ModuleObj
                0x9d005be0       0x84 build/pic32mx795F512L_EPC/production/_ext/185269848/drv_tmr.o

.text._USB_DEVICE_GetFunctionDriverEntryByInterface
                0x9d005c64       0x84
 .text._USB_DEVICE_GetFunctionDriverEntryByInterface
                0x9d005c64       0x84 build/pic32mx795F512L_EPC/production/_ext/610166344/usb_device.o
                0x9d005c64                _USB_DEVICE_GetFunctionDriverEntryByInterface

.text._USB_DEVICE_FindEndpoint
                0x9d005ce8       0x84
 .text._USB_DEVICE_FindEndpoint
                0x9d005ce8       0x84 build/pic32mx795F512L_EPC/production/_ext/610166344/usb_device.o
                0x9d005ce8                _USB_DEVICE_FindEndpoint

.text.USB_DEVICE_ControlSend
                0x9d005d6c       0x84
 .text.USB_DEVICE_ControlSend
                0x9d005d6c       0x84 build/pic32mx795F512L_EPC/production/_ext/610166344/usb_device.o
                0x9d005d6c                USB_DEVICE_ControlSend

.text.DRV_USBFS_Tasks_ISR
                0x9d005df0       0x80
 .text.DRV_USBFS_Tasks_ISR
                0x9d005df0       0x80 build/pic32mx795F512L_EPC/production/_ext/764219029/drv_usbfs.o
                0x9d005df0                DRV_USBFS_Tasks_ISR

.text.USB_DEVICE_ControlStatus
                0x9d005e70       0x7c
 .text.USB_DEVICE_ControlStatus
                0x9d005e70       0x7c build/pic32mx795F512L_EPC/production/_ext/610166344/usb_device.o
                0x9d005e70                USB_DEVICE_ControlStatus

.text.USB_TX_Task
                0x9d005eec       0x78
 .text.USB_TX_Task
                0x9d005eec       0x78 build/pic32mx795F512L_EPC/production/_ext/1360937237/app.o

.text.USB_RX_Task
                0x9d005f64       0x70
 .text.USB_RX_Task